// Jest Snapshot v1, https://goo.gl/fbAQLP

exports[`Home: Component should render correctly 1`] = `
<styled.div>
  <HelmetWrapper
    defer={true}
    encodeSpecialCharacters={true}
    title="home.pageTitle"
  />
  <Button
    customStyles={Object {}}
  >
    Test
  </Button>
  <styled.h1>
    <FormattedMessage
      defaultMessage="SchemaCMS"
      id="home.welcome"
      values={Object {}}
    />
  </styled.h1>
  <Link
    replace={false}
    to="/project/list"
  >
    Projects List
  </Link>
  <Link
    replace={false}
    to="/project/5678-wrong"
  >
    Nonexistent project
  </Link>
</styled.div>
`;
