// Jest Snapshot v1, https://goo.gl/fbAQLP

exports[`Directory: Component should render correctly 1`] = `
<Switch>
  <Route
    component={[Function]}
    exact={true}
    path="path/:directoryId"
  />
  <Route
    component={[Function]}
    exact={true}
    path="path/:directoryId/page"
  />
  <Route
    component={[Function]}
    exact={true}
    path="path/:directoryId/edit"
  />
</Switch>
`;
