// Jest Snapshot v1, https://goo.gl/fbAQLP

exports[`CreatePage: Component should render correctly 1`] = `
<div
  className="sc-AxjAm StDqN"
>
  <div
    className="sc-fzqLLg gsFEok"
  >
    <div
      style={
        Object {
          "alignItems": "flex-start",
          "color": "#FFF",
          "display": "flex",
          "flexDirection": "row",
          "justifyContent": "space-between",
          "paddingBottom": "18px",
          "width": "100%",
        }
      }
    >
      <div>
        <div
          className="sc-fzoxnE jlkSIG"
        >
          <h2
            className="sc-fzonjX FaXEE"
            id="headerTitle"
            style={
              Object {
                "fontFamily": "Inter, \\"Helvetica Neue\\", Helvetica, Arial, sans-serif",
                "fontSize": "24px",
                "fontWeight": 100,
                "margin": 0,
              }
            }
          >
            Create
          </h2>
          <h1
            className="sc-fzqzEs cITZsq"
            id="headerSubtitle"
            style={
              Object {
                "fontFamily": "Inter, \\"Helvetica Neue\\", Helvetica, Arial, sans-serif",
                "fontSize": "24px",
                "fontWeight": 600,
                "letterSpacing": "-0.12px",
                "lineHight": 1.25,
                "margin": 0,
              }
            }
          >
            Page
          </h1>
        </div>
      </div>
      <button
        disabled={false}
        id="topHeaderOpenMenuBtn"
        onClick={[Function]}
        style={
          Object {
            "backgroundColor": "transparent",
            "border": "none",
            "borderRadius": "48px",
            "color": "#FFF",
            "cursor": "pointer",
            "display": "inline-block",
            "fill": "#FFF",
            "fontSize": "18px",
            "margin": "0",
            "minHeight": "48px",
            "outline": "none",
            "padding": "0",
            "position": "absolute",
            "right": -6,
            "top": 6,
            "transition": "background 0.25s ease-in-out, color 0.25s ease-in-out",
          }
        }
        type="button"
      >
        <svg
          style={
            Object {
              "fill": "#FFF",
              "height": "60px",
              "width": "60px",
            }
          }
          viewBox="0 0 10 60"
        >
          <path
            d="M5 37a3 3 0 110 6 3 3 0 010-6zm0-10a3 3 0 110 6 3 3 0 010-6zm0-10a3 3 0 110 6 3 3 0 010-6z"
            fillRule="evenodd"
          />
        </svg>
      </button>
    </div>
    <div
      style={
        Object {
          "backgroundColor": "#000",
          "bottom": 0,
          "color": "#FFF",
          "maxWidth": null,
          "padding": "18px 20px 27px",
          "position": "absolute",
          "right": 0,
          "textAlign": "left",
          "top": 0,
          "transform": "translateX(100%)",
          "transition": "transform 400ms cubic-bezier(0.86, 0, 0.07, 1), visibility 0s linear 400ms",
          "visibility": 0,
          "width": "100%",
          "zIndex": 99999,
        }
      }
    >
      <div
        className="sc-fzoWqW dQbtjH"
      >
        <div
          className="sc-fzoMdx dtedNo"
        >
          <div
            className="sc-fzoxnE jlkSIG"
          >
            <h2
              className="sc-fzonjX FaXEE"
              id="headerTitle"
              style={
                Object {
                  "fontFamily": "Inter, \\"Helvetica Neue\\", Helvetica, Arial, sans-serif",
                  "fontSize": "24px",
                  "fontWeight": 100,
                  "margin": 0,
                }
              }
            >
              Create
            </h2>
            <h1
              className="sc-fzqzEs cITZsq"
              id="headerSubtitle"
              style={
                Object {
                  "fontFamily": "Inter, \\"Helvetica Neue\\", Helvetica, Arial, sans-serif",
                  "fontSize": "24px",
                  "fontWeight": 600,
                  "letterSpacing": "-0.12px",
                  "lineHight": 1.25,
                  "margin": 0,
                }
              }
            >
              Page
            </h1>
          </div>
        </div>
        <div
          className="sc-fzplgP dYEfft"
        >
          <div
            className="sc-fznzqM xkSzl"
          >
            <a
              href="/project/"
              id="projectsNavBtn"
              onClick={[Function]}
            >
              Projects
            </a>
          </div>
          <div
            className="sc-fznzqM xkSzl"
          >
            <a
              href="/user/"
              id="usersPageNavBtn"
              onClick={[Function]}
            >
              Users
            </a>
          </div>
          <div
            className="sc-fznzqM xkSzl"
          >
            <a
              href="/project/1"
              id="projectDetailsNavBtn"
              onClick={[Function]}
            >
              Project details
            </a>
          </div>
          <div
            className="sc-fznzqM xkSzl"
          >
            <a
              href="/project/1/datasource"
              id="dataSourceNavBtn"
              onClick={[Function]}
            >
              Data Sources
            </a>
          </div>
          <div
            className="sc-fznzqM xkSzl"
          >
            <a
              href="/project/1/user"
              id="usersNavBtn"
              onClick={[Function]}
            >
              Project Users
            </a>
          </div>
          <div
            className="sc-fznzqM xkSzl"
          >
            <a
              href="/project/1/content"
              id="contentNavBtn"
              onClick={[Function]}
            >
              Content
            </a>
          </div>
          <div
            className="sc-fznzqM xkSzl"
          >
            <a
              href="/project/1/templates"
              id="templatesNavBtn"
              onClick={[Function]}
            >
              Templates
            </a>
          </div>
        </div>
        <div
          className="sc-fzplgP dYEfft"
        >
          <div
            className="sc-fznzqM xkSzl"
          >
            <a
              href="/settings"
              id="settingsNavBtn"
              onClick={[Function]}
            >
              Settings
            </a>
          </div>
          <div
            className="sc-fznzqM xkSzl"
          >
            <div
              onClick={[Function]}
            >
              Log out
            </div>
          </div>
        </div>
        <div
          className="sc-fznOgF fusKg"
        >
          <a
            className="sc-fznYue diAtdD"
            href="/"
            id="aboutNavBtn"
            onClick={[Function]}
          >
            About Schema CMS
          </a>
          <a
            className="sc-fznYue diAtdD"
            href="/"
            id="apiNavBtn"
            onClick={[Function]}
          >
            API Doc
          </a>
          <a
            className="sc-fznYue diAtdD"
            href="/"
            id="repositoryNavBtn"
            onClick={[Function]}
          >
            GitHub Repository
          </a>
        </div>
      </div>
      <button
        disabled={false}
        id="topHeaderCloseMenuButton"
        onClick={[Function]}
        style={
          Object {
            "backgroundColor": "transparent",
            "border": "none",
            "borderRadius": "48px",
            "color": "#FFF",
            "cursor": "pointer",
            "display": "inline-block",
            "fill": "#FFF",
            "fontSize": "18px",
            "margin": "0",
            "minHeight": "48px",
            "outline": "none",
            "padding": "0",
            "position": "absolute",
            "right": 0,
            "top": "6px",
            "transition": "background 0.25s ease-in-out, color 0.25s ease-in-out",
          }
        }
        type="button"
      >
        <svg
          style={
            Object {
              "fill": "#FFF",
              "height": "60px",
              "width": "60px",
            }
          }
          viewBox="0 0 60 60"
        >
          <path
            d="M39.192 17.98l2.829 2.828L32.828 30l9.193 9.192-2.829 2.829L30 32.828l-9.192 9.193-2.829-2.829L27.172 30l-9.193-9.192 2.829-2.829L30 27.172l9.192-9.193z"
            fillRule="evenodd"
          />
        </svg>
      </button>
    </div>
  </div>
  <div
    className="sc-fzoCCn RNsBI"
  >
    <div
      style={
        Object {
          "borderBottom": "1px solid #a6a7aa",
          "display": "flex",
          "padding": "20px 0",
        }
      }
    >
      <div
        style={
          Object {
            "alignItems": "flex-end",
            "color": "#a6a7aa",
            "display": "flex",
            "marginRight": "14px",
          }
        }
      >
        <a
          className="sc-fzpdbB gYVept"
          href="/project/1/"
          onClick={[Function]}
          style={
            Object {
              "backgroundColor": "transparent",
              "display": "flex",
              "flexDirection": "column",
            }
          }
        >
          <span
            style={
              Object {
                "fontFamily": "Inter, \\"Helvetica Neue\\", Helvetica, Arial, sans-serif",
                "fontSize": "14px",
              }
            }
          >
            Project
          </span>
          <h3
            className="sc-fzppAM cMVwaa"
            style={
              Object {
                "fontFamily": "Inter, \\"Helvetica Neue\\", Helvetica, Arial, sans-serif",
                "fontSize": "18px",
                "fontWeight": 600,
                "margin": 0,
              }
            }
            title="project title"
          >
            project title
          </h3>
        </a>
        <div
          style={
            Object {
              "color": "#a6a7aa",
              "marginLeft": "14px",
            }
          }
        >
          &gt;
        </div>
      </div>
      <div
        style={
          Object {
            "alignItems": "flex-end",
            "color": "#a6a7aa",
            "display": "flex",
            "marginRight": "14px",
          }
        }
      >
        <a
          className="sc-fzpdbB gYVept"
          href="/project/1/content"
          onClick={[Function]}
          style={
            Object {
              "backgroundColor": "transparent",
              "display": "flex",
              "flexDirection": "column",
            }
          }
        >
          <span
            style={
              Object {
                "fontFamily": "Inter, \\"Helvetica Neue\\", Helvetica, Arial, sans-serif",
                "fontSize": "14px",
              }
            }
          >
            Tab
          </span>
          <h3
            className="sc-fzppAM cMVwaa"
            style={
              Object {
                "fontFamily": "Inter, \\"Helvetica Neue\\", Helvetica, Arial, sans-serif",
                "fontSize": "18px",
                "fontWeight": 600,
                "margin": 0,
              }
            }
            title={
              <FormattedMessage
                defaultMessage="Content"
                id="shared.components.projectBreadcrumbs.content"
                values={Object {}}
              />
            }
          >
            Content
          </h3>
        </a>
        <div
          style={
            Object {
              "color": "#a6a7aa",
              "marginLeft": "14px",
            }
          }
        >
          &gt;
        </div>
      </div>
      <div
        style={
          Object {
            "alignItems": "flex-end",
            "color": "#a6a7aa",
            "display": "flex",
            "marginRight": "14px",
          }
        }
      >
        <a
          className="sc-fzpdbB gYVept"
          href="/section/1"
          onClick={[Function]}
          style={
            Object {
              "backgroundColor": "transparent",
              "display": "flex",
              "flexDirection": "column",
            }
          }
        >
          <span
            style={
              Object {
                "fontFamily": "Inter, \\"Helvetica Neue\\", Helvetica, Arial, sans-serif",
                "fontSize": "14px",
              }
            }
          >
            Section
          </span>
          <h3
            className="sc-fzppAM cMVwaa"
            style={
              Object {
                "fontFamily": "Inter, \\"Helvetica Neue\\", Helvetica, Arial, sans-serif",
                "fontSize": "18px",
                "fontWeight": 600,
                "margin": 0,
              }
            }
            title="Section"
          >
            Section
          </h3>
        </a>
        <div
          style={
            Object {
              "color": "#a6a7aa",
              "marginLeft": "14px",
            }
          }
        >
          &gt;
        </div>
      </div>
      <div
        style={
          Object {
            "alignItems": "flex-end",
            "color": "#a6a7aa",
            "display": "flex",
            "marginRight": "14px",
          }
        }
      >
        <div
          className="sc-fzoPby kULued"
        >
          <span
            style={
              Object {
                "fontFamily": "Inter, \\"Helvetica Neue\\", Helvetica, Arial, sans-serif",
                "fontSize": "14px",
              }
            }
          >
            Page
          </span>
          <h3
            className="sc-fzppAM cMVwaa"
            style={
              Object {
                "fontFamily": "Inter, \\"Helvetica Neue\\", Helvetica, Arial, sans-serif",
                "fontSize": "18px",
                "fontWeight": 600,
                "margin": 0,
              }
            }
            title={
              <FormattedMessage
                defaultMessage="Create"
                id="shared.components.projectBreadcrumbs.createMessage"
                values={Object {}}
              />
            }
          >
            Create
          </h3>
        </div>
      </div>
    </div>
  </div>
  <form
    onSubmit={[Function]}
  >
    <div
      className="sc-AxirZ gstAGV"
    >
      <div
        className="sc-fzoLag iuRbHf"
      >
        <div
          className="sc-fzoXzr fBhwFI"
        >
          <h2
            className="sc-fzpjYC drOAtY"
            id="desktopHeaderTitle"
            style={
              Object {
                "fontFamily": "Inter, \\"Helvetica Neue\\", Helvetica, Arial, sans-serif",
                "fontSize": "24px",
                "fontWeight": 100,
                "margin": 0,
              }
            }
          >
            Create
          </h2>
          <h1
            className="sc-fznxsB jtivzf"
            id="desktopHeaderSubtitle"
            style={
              Object {
                "fontFamily": "Inter, \\"Helvetica Neue\\", Helvetica, Arial, sans-serif",
                "fontSize": "24px",
                "fontWeight": 600,
                "letterSpacing": "-0.12px",
                "lineHight": 1.25,
                "margin": 0,
              }
            }
          >
            <div
              className="sc-fzoLsD egJkZq"
            >
              <div
                className="sc-fzqBZW jwxHtQ"
              >
                <div
                  style={
                    Object {
                      "display": "flex",
                      "flexDirection": "column",
                      "maxWidth": "100%",
                      "paddingBottom": 0,
                      "paddingRight": 40,
                      "position": "static",
                    }
                  }
                >
                  <input
                    id="name"
                    name="name"
                    onBlur={[Function]}
                    onChange={[Function]}
                    placeholder="Name"
                    style={
                      Object {
                        "backgroundColor": "transparent",
                        "border": "none",
                        "color": "#FFF",
                        "fontFamily": "inherit",
                        "fontSize": 24,
                        "fontWeight": 600,
                        "letterSpacing": "normal",
                        "lineHeight": "24px",
                        "maxWidth": "100%",
                        "minWidth": 60,
                        "outline": "none",
                        "padding": 0,
                        "width": 80,
                      }
                    }
                    type="text"
                    value=""
                  />
                  <div
                    style={
                      Object {
                        "backgroundColor": "transparent",
                        "border": "none",
                        "color": "#FFF",
                        "fontFamily": "inherit",
                        "fontSize": 24,
                        "fontWeight": 600,
                        "letterSpacing": "normal",
                        "lineHeight": "24px",
                        "maxWidth": "100%",
                        "minWidth": 60,
                        "opacity": 0,
                        "outline": "none",
                        "padding": 0,
                        "position": "fixed",
                        "visibility": "hidden",
                        "whiteSpace": "pre",
                      }
                    }
                  >
                    
                  </div>
                  <div
                    style={
                      Object {
                        "position": "absolute",
                        "right": 0,
                        "top": 2,
                      }
                    }
                  />
                </div>
              </div>
              <div
                className="sc-fzpans MoQu"
              >
                <svg
                  style={
                    Object {
                      "fill": "#FFF",
                      "height": "30px",
                      "width": "30px",
                    }
                  }
                  viewBox="0 0 30 30"
                >
                  <path
                    d="M21.789 10.92a.724.724 0 000-1.022l-1.687-1.687a.724.724 0 00-1.022 0l-1.322 1.322 2.709 2.709 1.322-1.322zM9 18.291V21h2.709l7.992-7.992-2.709-2.71L9 18.292z"
                    fillRule="evenodd"
                  />
                </svg>
              </div>
            </div>
          </h1>
        </div>
        <div
          className="sc-fznJRM fzFSIN"
        />
      </div>
      <div
        className="sc-fzplWN iPfnUx"
      >
        <div
          className="sc-fzqBZW fPjuQm"
        >
          <div
            style={
              Object {
                "display": "flex",
                "flexDirection": "column",
                "maxWidth": "100%",
                "paddingBottom": "30px",
                "position": "relative",
              }
            }
          >
            <label
              htmlFor="name"
              style={
                Object {
                  "border": "none",
                  "borderTop": "2px solid #2F2F36",
                  "color": "#71737e",
                  "display": "block",
                  "fontSize": "14px",
                  "outline": "none",
                  "paddingTop": "8px",
                  "width": "100%",
                }
              }
            >
              Name
            </label>
            <input
              id="name"
              name="name"
              onBlur={[Function]}
              onChange={[Function]}
              style={
                Object {
                  "backgroundColor": "transparent",
                  "border": "none",
                  "color": "#FFF",
                  "fontFamily": "inherit",
                  "fontSize": "18px",
                  "fontWeight": "inherit",
                  "letterSpacing": "normal",
                  "lineHeight": "24px",
                  "maxWidth": "100%",
                  "minWidth": 60,
                  "outline": "none",
                  "padding": 0,
                }
              }
              type="text"
              value=""
            />
            <div
              style={
                Object {
                  "position": "absolute",
                  "right": 0,
                  "top": 2,
                }
              }
            >
              <div
                className="sc-fzqNJr noQGu"
              >
                <svg
                  style={
                    Object {
                      "fill": "#FFF",
                      "height": "30px",
                      "width": "30px",
                    }
                  }
                  viewBox="0 0 30 30"
                >
                  <path
                    d="M21.789 10.92a.724.724 0 000-1.022l-1.687-1.687a.724.724 0 00-1.022 0l-1.322 1.322 2.709 2.709 1.322-1.322zM9 18.291V21h2.709l7.992-7.992-2.709-2.71L9 18.292z"
                    fillRule="evenodd"
                  />
                </svg>
              </div>
            </div>
          </div>
        </div>
      </div>
      <div
        className="sc-fzqBZW fPjuQm"
      >
        <div
          style={
            Object {
              "display": "flex",
              "flexDirection": "column",
              "maxWidth": "100%",
              "paddingBottom": "30px",
              "position": "relative",
            }
          }
        >
          <label
            htmlFor="displayName"
            style={
              Object {
                "border": "none",
                "borderTop": "2px solid #2F2F36",
                "color": "#71737e",
                "display": "block",
                "fontSize": "14px",
                "outline": "none",
                "paddingTop": "8px",
                "width": "100%",
              }
            }
          >
            URL Display Name
          </label>
          <input
            id="displayName"
            name="displayName"
            onBlur={[Function]}
            onChange={[Function]}
            style={
              Object {
                "backgroundColor": "transparent",
                "border": "none",
                "color": "#FFF",
                "fontFamily": "inherit",
                "fontSize": "18px",
                "fontWeight": "inherit",
                "letterSpacing": "normal",
                "lineHeight": "24px",
                "maxWidth": "100%",
                "minWidth": 60,
                "outline": "none",
                "padding": 0,
              }
            }
            type="text"
          />
          <div
            style={
              Object {
                "position": "absolute",
                "right": 0,
                "top": 2,
              }
            }
          >
            <div
              className="sc-fzqNJr noQGu"
            >
              <svg
                style={
                  Object {
                    "fill": "#FFF",
                    "height": "30px",
                    "width": "30px",
                  }
                }
                viewBox="0 0 30 30"
              >
                <path
                  d="M21.789 10.92a.724.724 0 000-1.022l-1.687-1.687a.724.724 0 00-1.022 0l-1.322 1.322 2.709 2.709 1.322-1.322zM9 18.291V21h2.709l7.992-7.992-2.709-2.71L9 18.292z"
                  fillRule="evenodd"
                />
              </svg>
            </div>
          </div>
        </div>
      </div>
      <div
        className="sc-fzqBZW fPjuQm"
      >
        <div
          style={
            Object {
              "display": "flex",
              "flexDirection": "column",
              "maxWidth": "100%",
              "paddingBottom": "30px",
              "position": "relative",
            }
          }
        >
          <label
            htmlFor="description"
            style={
              Object {
                "border": "none",
                "borderTop": "2px solid #2F2F36",
                "color": "#71737e",
                "display": "block",
                "fontSize": "14px",
                "outline": "none",
                "paddingTop": "8px",
                "width": "100%",
              }
            }
          >
            SEO Page Description
          </label>
          <textarea
            id="description"
            onBlur={[Function]}
            onChange={[Function]}
            style={
              Object {
                "background": "#000",
                "border": "none",
                "color": "#FFF",
                "fontSize": "18px",
                "height": 0,
                "lineHeight": "24px",
                "outline": "none",
                "padding": "0",
                "resize": "none",
              }
            }
          />
          <textarea
            aria-hidden={true}
            readOnly={true}
            style={
              Object {
                "background": "#000",
                "border": "none",
                "color": "#FFF",
                "fontSize": "18px",
                "height": 0,
                "left": 0,
                "lineHeight": "24px",
                "outline": "none",
                "overflow": "hidden",
                "padding": "0",
                "position": "absolute",
                "resize": "none",
                "top": 0,
                "visibility": "hidden",
              }
            }
            tabIndex={-1}
          />
          <div
            style={
              Object {
                "position": "absolute",
                "right": 0,
                "top": 2,
              }
            }
          >
            <div
              className="sc-fzqNJr noQGu"
            >
              <svg
                style={
                  Object {
                    "fill": "#FFF",
                    "height": "30px",
                    "width": "30px",
                  }
                }
                viewBox="0 0 30 30"
              >
                <path
                  d="M21.789 10.92a.724.724 0 000-1.022l-1.687-1.687a.724.724 0 00-1.022 0l-1.322 1.322 2.709 2.709 1.322-1.322zM9 18.291V21h2.709l7.992-7.992-2.709-2.71L9 18.292z"
                  fillRule="evenodd"
                />
              </svg>
            </div>
          </div>
        </div>
      </div>
      <div
        className="sc-fzqBZW fPjuQm"
      >
        <div
          style={
            Object {
              "display": "flex",
              "flexDirection": "column",
              "maxWidth": "100%",
              "paddingBottom": "30px",
              "position": "relative",
            }
          }
        >
          <label
            htmlFor="keywords"
            style={
              Object {
                "border": "none",
                "borderTop": "2px solid #2F2F36",
                "color": "#71737e",
                "display": "block",
                "fontSize": "14px",
                "outline": "none",
                "paddingTop": "8px",
                "width": "100%",
              }
            }
          >
            SEO Keywords
          </label>
          <input
            id="keywords"
            name="keywords"
            onBlur={[Function]}
            onChange={[Function]}
            style={
              Object {
                "backgroundColor": "transparent",
                "border": "none",
                "color": "#FFF",
                "fontFamily": "inherit",
                "fontSize": "18px",
                "fontWeight": "inherit",
                "letterSpacing": "normal",
                "lineHeight": "24px",
                "maxWidth": "100%",
                "minWidth": 60,
                "outline": "none",
                "padding": 0,
              }
            }
            type="text"
          />
          <div
            style={
              Object {
                "position": "absolute",
                "right": 0,
                "top": 2,
              }
            }
          >
            <div
              className="sc-fzqNJr noQGu"
            >
              <svg
                style={
                  Object {
                    "fill": "#FFF",
                    "height": "30px",
                    "width": "30px",
                  }
                }
                viewBox="0 0 30 30"
              >
                <path
                  d="M21.789 10.92a.724.724 0 000-1.022l-1.687-1.687a.724.724 0 00-1.022 0l-1.322 1.322 2.709 2.709 1.322-1.322zM9 18.291V21h2.709l7.992-7.992-2.709-2.71L9 18.292z"
                  fillRule="evenodd"
                />
              </svg>
            </div>
          </div>
        </div>
      </div>
      <label
        style={
          Object {
            "border": "none",
            "borderTop": "2px solid #2F2F36",
            "color": "#71737e",
            "display": "block",
            "fontSize": "14px",
            "outline": "none",
            "paddingTop": "8px",
            "width": "100%",
          }
        }
      >
        Tags
      </label>
      <div
        className="sc-fzqAui dIvBCb"
      >
        <div
          className="sc-fzoJus ieRDYv"
        >
          <div
            className="sc-fzqMdD ljcFCL"
          >
            <span
              className="sc-fzowVh ggwFSE"
            >
              Category: 
            </span>
            Colors
          </div>
          <div
            className="sc-fzpisO ciFKdv"
          >
            <div
              className=" css-2b097c-container"
              onKeyDown={[Function]}
            >
              <div
                className=" css-17k7d72-control"
                onMouseDown={[Function]}
                onTouchEnd={[Function]}
              >
                <div
                  className=" css-193kkzd-ValueContainer"
                >
                  <div
                    className=" css-1wa3eu0-placeholder"
                  >
                    Select...
                  </div>
                  <div
                    className="css-14m14bb-Input"
                  >
                    <div
                      className=""
                      style={
                        Object {
                          "display": "inline-block",
                        }
                      }
                    >
                      <input
                        aria-autocomplete="list"
                        autoCapitalize="none"
                        autoComplete="off"
                        autoCorrect="off"
                        disabled={false}
                        id="react-select-2-input"
                        onBlur={[Function]}
                        onChange={[Function]}
                        onFocus={[Function]}
                        spellCheck="false"
                        style={
                          Object {
                            "background": 0,
                            "border": 0,
                            "boxSizing": "content-box",
                            "color": "inherit",
                            "fontSize": "inherit",
                            "label": "input",
                            "opacity": 1,
                            "outline": 0,
                            "padding": 0,
                            "width": "1px",
                          }
                        }
                        tabIndex="0"
                        type="text"
                        value=""
                      />
                      <div
                        style={
                          Object {
                            "height": 0,
                            "left": 0,
                            "overflow": "scroll",
                            "position": "absolute",
                            "top": 0,
                            "visibility": "hidden",
                            "whiteSpace": "pre",
                          }
                        }
                      >
                        
                      </div>
                    </div>
                  </div>
                </div>
                <div
                  className=" css-1hb7zxy-IndicatorsContainer"
                >
                  <span
                    className=" css-43ykx9-indicatorSeparator"
                  />
                  <div
                    aria-hidden="true"
                    className=" css-tlfecz-indicatorContainer"
                    onMouseDown={[Function]}
                    onTouchEnd={[Function]}
                  >
                    0
                    /
                    4
                  </div>
                </div>
              </div>
            </div>
          </div>
          <div
            className="sc-fzqMdD ljcFCL"
          >
            <span
              className="sc-fzowVh ggwFSE"
            >
              Category: 
            </span>
            Countries
          </div>
          <div
            className="sc-fzpisO ciFKdv"
          >
            <div
              className=" css-2b097c-container"
              onKeyDown={[Function]}
            >
              <div
                className=" css-17k7d72-control"
                onMouseDown={[Function]}
                onTouchEnd={[Function]}
              >
                <div
                  className=" css-193kkzd-ValueContainer"
                >
                  <div
                    className=" css-1wa3eu0-placeholder"
                  >
                    Select...
                  </div>
                  <div
                    className="css-14m14bb-Input"
                  >
                    <div
                      className=""
                      style={
                        Object {
                          "display": "inline-block",
                        }
                      }
                    >
                      <input
                        aria-autocomplete="list"
                        autoCapitalize="none"
                        autoComplete="off"
                        autoCorrect="off"
                        disabled={false}
                        id="react-select-3-input"
                        onBlur={[Function]}
                        onChange={[Function]}
                        onFocus={[Function]}
                        spellCheck="false"
                        style={
                          Object {
                            "background": 0,
                            "border": 0,
                            "boxSizing": "content-box",
                            "color": "inherit",
                            "fontSize": "inherit",
                            "label": "input",
                            "opacity": 1,
                            "outline": 0,
                            "padding": 0,
                            "width": "1px",
                          }
                        }
                        tabIndex="0"
                        type="text"
                        value=""
                      />
                      <div
                        style={
                          Object {
                            "height": 0,
                            "left": 0,
                            "overflow": "scroll",
                            "position": "absolute",
                            "top": 0,
                            "visibility": "hidden",
                            "whiteSpace": "pre",
                          }
                        }
                      >
                        
                      </div>
                    </div>
                  </div>
                </div>
                <div
                  className=" css-1hb7zxy-IndicatorsContainer"
                >
                  <span
                    className=" css-43ykx9-indicatorSeparator"
                  />
                  <div
                    aria-hidden="true"
                    className=" css-tlfecz-indicatorContainer"
                    onMouseDown={[Function]}
                    onTouchEnd={[Function]}
                  >
                    0
                    /
                    1
                  </div>
                </div>
              </div>
            </div>
          </div>
        </div>
      </div>
      <div
        className="sc-AxiKw dFgtuZ"
      >
        <div
          className="sc-fznWqX cAtUUZ"
          onClick={[Function]}
        >
          <label
            id="fieldProjectStatusLabel"
            style={
              Object {
                "border": "none",
                "borderTop": "2px solid #2F2F36",
                "color": "#71737e",
                "display": "block",
                "fontSize": "14px",
                "outline": "none",
                "paddingTop": "8px",
                "width": "100%",
              }
            }
          >
            Page Template
          </label>
          <input
            id="template"
            name="template"
            type="hidden"
            value={0}
          />
          <div
            style={
              Object {
                "color": "#FFF",
                "display": "flex",
                "width": "100%",
              }
            }
          >
            <div
              id="pageTemplateSelect"
              style={
                Object {
                  "cursor": "pointer",
                  "display": "flex",
                  "position": "relative",
                  "width": "100%",
                }
              }
            >
              <div
                onClick={[Function]}
                style={
                  Object {
                    "cursor": "pointer",
                    "display": "flex",
                    "width": "100%",
                  }
                }
              >
                <div
                  style={
                    Object {
                      "cursor": "pointer",
                      "overflow": "hidden",
                      "textOverflow": "ellipsis",
                      "whiteSpace": "nowrap",
                    }
                  }
                >
                  (blank)
                </div>
              </div>
              <div
                style={
                  Object {
                    "WebkitOverflowScrolling": "touch",
                    "backgroundColor": "#1d1d20",
                    "display": "none",
                    "flexDirection": "column",
                    "left": "0",
                    "maxHeight": "184px",
                    "overflowY": "hidden",
                    "position": "absolute",
                    "top": "calc(100% + 5px)",
                    "width": "100%",
                    "zIndex": 99,
                  }
                }
              >
                <div
                  id="select-item-0"
                  onClick={[Function]}
                  onMouseOut={[Function]}
                  onMouseOver={[Function]}
                  style={
                    Object {
                      "backgroundColor": "#FFF",
                      "border": "1px solid  #2F2F36",
                      "borderTop": "1px solid  #2F2F36",
                      "color": "#000",
                      "cursor": "pointer",
                      "overflow": "hidden",
                      "padding": "20px 10px",
                      "textOverflow": "ellipsis",
                      "whiteSpace": "nowrap",
                    }
                  }
                >
                  (blank)
                </div>
                <div
                  id="select-item-1"
                  onClick={[Function]}
                  onMouseOut={[Function]}
                  onMouseOver={[Function]}
                  style={
                    Object {
                      "border": "1px solid  #2F2F36",
                      "borderTop": "none",
                      "color": "#71737e",
                      "cursor": "pointer",
                      "overflow": "hidden",
                      "padding": "20px 10px",
                      "textOverflow": "ellipsis",
                      "whiteSpace": "nowrap",
                    }
                  }
                >
                  Page template
                </div>
                <div
                  id="select-item-2"
                  onClick={[Function]}
                  onMouseOut={[Function]}
                  onMouseOver={[Function]}
                  style={
                    Object {
                      "border": "1px solid  #2F2F36",
                      "borderTop": "none",
                      "color": "#71737e",
                      "cursor": "pointer",
                      "overflow": "hidden",
                      "padding": "20px 10px",
                      "textOverflow": "ellipsis",
                      "whiteSpace": "nowrap",
                    }
                  }
                >
                  Page template 2
                </div>
              </div>
            </div>
          </div>
          <div
            className="sc-fzoiQi dwYCde"
          >
            <svg
              style={
                Object {
                  "fill": "#FFF",
                  "height": "30px",
                  "width": "30px",
                }
              }
              viewBox="0 0 30 30"
            >
              <path
                d="M15.117 18L9 12h12z"
                fillRule="evenodd"
              />
            </svg>
          </div>
        </div>
      </div>
      <div
        className="sc-fzoaKM kWPKBr"
      >
        <div
          className="sc-fzomuh gKGDkY"
        />
        0 Blocks
        <div
          className="sc-fzomuh gKGDkY"
        >
          <div
            className="sc-fznyAO fsHBrn"
          >
            <div
              className="sc-fznWOq dBHfko"
            >
              <button
                disabled={false}
                id="addBlock"
                onClick={[Function]}
                style={
                  Object {
                    "backgroundColor": "#FFF",
                    "border": "none",
                    "borderRadius": "48px",
                    "color": "#000",
                    "cursor": "pointer",
                    "display": "inline-block",
                    "fill": "#FFF",
                    "fontSize": "18px",
                    "height": 40,
                    "margin": "0",
                    "minHeight": 40,
                    "outline": "none",
                    "padding": "0",
                    "transition": "background 0.25s ease-in-out, color 0.25s ease-in-out",
                    "width": 40,
                  }
                }
                type="button"
              >
                <svg
                  style={
                    Object {
                      "fill": "#000",
                      "height": 40,
                      "minHeight": 40,
                      "shapeRendering": "crispEdges",
                      "width": 40,
                    }
                  }
                  viewBox="0 0 60 60"
                >
                  <path
                    d="M32 15v13h13v4H32v13h-4V32H15v-4h13V15h4z"
                  />
                </svg>
              </button>
            </div>
          </div>
        </div>
      </div>
      <span>
        <div
          onClick={[Function]}
          style={
            Object {
              "cursor": "pointer",
              "padding": "10px 0 20px",
              "textDecoration": "underline",
            }
          }
        >
          Expand Blocks
        </div>
         
      </span>
      <div
        className="sc-AxhCb gZXrdn"
      >
        <div
          className="sc-AxhUy jxyGzF"
        >
          <div
            className="sc-Axmtr kgeLJP"
          >
            <div>
              <input
                id="isPublic"
                onChange={[Function]}
                style={
                  Object {
                    "height": 0,
                    "left": 0,
                    "overflow": "hidden",
                    "position": "absolute",
                    "top": 0,
                    "visibility": "hidden",
                  }
                }
                type="checkbox"
              />
              <label
                htmlFor="isPublic"
              >
                <div
                  style={
                    Object {
                      "background": "#2F2F36",
                      "borderRadius": 20,
                      "boxSizing": "border-box",
                      "cursor": "pointer",
                      "height": 24,
                      "padding": 2,
                      "transition": "background 200ms ease-in-out",
                      "width": 44,
                    }
                  }
                >
                  <div
                    style={
                      Object {
                        "background": "#FFF",
                        "borderRadius": "50%",
                        "height": 20,
                        "transform": "translateX(0)",
                        "transition": "transform 200ms ease-in-out",
                        "width": 20,
                      }
                    }
                  />
                </div>
              </label>
            </div>
            <div
              className="sc-AxheI lnZcUc"
            >
              <label
                className="sc-AxgMl bGaNud"
                htmlFor="isPublic"
              >
                Make it Public
              </label>
              <span
                className="sc-fzozJi kqnREw"
              >
                This Page is currently Private
              </span>
            </div>
          </div>
        </div>
      </div>
    </div>
    <div
      className="sc-fzoNJl jSGzor"
    >
      <div
        className="sc-fzpmMD eJVGXG"
      >
        <div
          className="sc-fzoXWK ehDcFs"
        >
          <button
            className="sc-fznxKY gTOhfR"
            disabled={false}
            id="cancelBtn"
            onClick={[Function]}
            style={
              Object {
                "backgroundColor": "#1d1d20",
                "border": "none",
                "borderRadius": "48px",
                "color": "#FFF",
                "cursor": "pointer",
                "display": "inline-block",
                "fill": "#FFF",
                "fontSize": "18px",
                "margin": "0",
                "minHeight": "48px",
                "outline": "none",
                "padding": "0",
                "transition": "background 0.25s ease-in-out, color 0.25s ease-in-out",
              }
            }
            type="button"
          >
            Cancel
          </button>
          <button
            className="sc-fznxKY gTOhfR"
            disabled={true}
            id="createPage"
            style={
              Object {
                "backgroundColor": "#1d1d20",
                "border": "none",
                "borderRadius": "48px",
                "color": "#71737e",
                "cursor": "default",
                "display": "inline-block",
                "fill": "#FFF",
                "fontSize": "18px",
                "margin": "0",
                "minHeight": "48px",
                "outline": "none",
                "padding": "0",
                "transition": "background 0.25s ease-in-out, color 0.25s ease-in-out",
              }
            }
            type="submit"
          >
            Create
          </button>
        </div>
      </div>
    </div>
  </form>
</div>
`;
