// Jest Snapshot v1, https://goo.gl/fbAQLP

exports[`Create: Component should render correctly 1`] = `
<styled.div>
  <MobileMenu
    headerSubtitle={
      <FormattedMessage
        defaultMessage="Project Info"
        id="project.create.pageSubTitle"
      />
    }
    headerTitle={
      <FormattedMessage
        defaultMessage="Create New Project"
        id="project.create.pageTitle"
      />
    }
    options={
      Array [
        Object {
          "allowedRoles": Array [
            "admin",
            "editor",
          ],
          "id": "projectsNavBtn",
          "label": <FormattedMessage
            defaultMessage="Projects"
            id="project.view.projectsListPage"
          />,
          "to": "/project/",
          "type": "link_item",
        },
        Object {
          "allowedRoles": Array [
            "admin",
          ],
          "id": "usersPageNavBtn",
          "label": <FormattedMessage
            defaultMessage="Users"
            id="project.view.usersPage"
          />,
          "to": "/user/",
          "type": "link_item",
        },
        Object {
          "allowedRoles": Array [
            "admin",
            "editor",
          ],
          "id": "projectDetailsNavBtn",
          "label": <FormattedMessage
            defaultMessage="Project details"
            id="project.view.projectDetails"
          />,
          "to": "/project/projectId",
          "type": "link_item",
        },
        Object {
          "allowedRoles": Array [
            "admin",
            "editor",
          ],
          "id": "dataSourceNavBtn",
          "label": <FormattedMessage
            defaultMessage="Data Sources"
            id="project.view.projectDataSources"
          />,
          "to": "/project/projectId/datasource",
          "type": "link_item",
        },
        Object {
          "allowedRoles": Array [
            "admin",
          ],
          "id": "usersNavBtn",
          "label": <FormattedMessage
            defaultMessage="Project Users"
            id="project.view.projectUsersPage"
          />,
          "to": "/project/projectId/user",
          "type": "link_item",
        },
        Object {
          "allowedRoles": Array [
            "admin",
            "editor",
          ],
          "id": "contentNavBtn",
          "label": <FormattedMessage
            defaultMessage="Content"
            id="project.view.content"
          />,
          "to": "/project/projectId/content",
          "type": "link_item",
        },
        Object {
          "allowedRoles": Array [
            "admin",
          ],
          "id": "templatesNavBtn",
          "label": <FormattedMessage
            defaultMessage="Templates"
            id="project.view.templates"
          />,
          "to": "/project/projectId/templates",
          "type": "link_item",
        },
      ]
    }
  />
  <ContextHeader
    subtitle={
      <FormattedMessage
        defaultMessage="Project Info"
        id="project.create.pageSubTitle"
      />
    }
    title={
      <FormattedMessage
        defaultMessage="Create New Project"
        id="project.create.pageTitle"
      />
    }
  />
  <styled.form
    onSubmit={[Function]}
  >
    <TextInput
      autoWidth={false}
      checkOnlyErrors={false}
      dirty={true}
      errors={Object {}}
      fullWidth={true}
      handleBlur={[Function]}
      handleChange={[Function]}
      handleSubmit={[Function]}
      history={
        Object {
          "goBack": [Function],
          "push": [Function],
        }
      }
      intl={
        Object {
          "formatMessage": [Function],
        }
      }
      isAdmin={true}
      isEdit={true}
      isSubmitting={false}
      isValid={true}
      label="Title"
      match={
        Object {
          "params": Object {
            "projectId": "projectId",
          },
        }
      }
      name="title"
      onChange={[Function]}
      placeholder="Project title"
      setFieldValue={[Function]}
      touched={Object {}}
      userRole="admin"
      value="title"
      values={
        Object {
          "status": "in_progress",
          "title": "title",
        }
      }
    />
    <TextInput
      autoWidth={false}
      checkOnlyErrors={false}
      dirty={true}
      errors={Object {}}
      fullWidth={true}
      handleBlur={[Function]}
      handleChange={[Function]}
      handleSubmit={[Function]}
      history={
        Object {
          "goBack": [Function],
          "push": [Function],
        }
      }
      intl={
        Object {
          "formatMessage": [Function],
        }
      }
      isAdmin={true}
      isEdit={true}
      isSubmitting={false}
      isValid={true}
      label="Description"
      match={
        Object {
          "params": Object {
            "projectId": "projectId",
          },
        }
      }
      multiline={true}
      name="description"
      onChange={[Function]}
      placeholder="Project description"
      setFieldValue={[Function]}
      touched={Object {}}
      userRole="admin"
      values={
        Object {
          "status": "in_progress",
          "title": "title",
        }
      }
    />
    <TextInput
      autoWidth={false}
      checkOnlyErrors={false}
      dirty={true}
      errors={Object {}}
      fullWidth={true}
      handleBlur={[Function]}
      handleChange={[Function]}
      handleSubmit={[Function]}
      history={
        Object {
          "goBack": [Function],
          "push": [Function],
        }
      }
      intl={
        Object {
          "formatMessage": [Function],
        }
      }
      isAdmin={true}
      isEdit={true}
      isSubmitting={false}
      isValid={true}
      label="Domain"
      match={
        Object {
          "params": Object {
            "projectId": "projectId",
          },
        }
      }
      name="domain"
      onChange={[Function]}
      setFieldValue={[Function]}
      touched={Object {}}
      userRole="admin"
      values={
        Object {
          "status": "in_progress",
          "title": "title",
        }
      }
    />
    <TextInput
      autoWidth={false}
      checkOnlyErrors={false}
      dirty={true}
      disabled={true}
      errors={Object {}}
      fullWidth={true}
      handleBlur={[Function]}
      handleChange={[Function]}
      handleSubmit={[Function]}
      history={
        Object {
          "goBack": [Function],
          "push": [Function],
        }
      }
      intl={
        Object {
          "formatMessage": [Function],
        }
      }
      isAdmin={true}
      isEdit={false}
      isSubmitting={false}
      isValid={true}
      label="Owner"
      match={
        Object {
          "params": Object {
            "projectId": "projectId",
          },
        }
      }
      name="owner"
      onChange={[Function]}
      readOnly={true}
      setFieldValue={[Function]}
      touched={Object {}}
      userRole="admin"
      values={
        Object {
          "status": "in_progress",
          "title": "title",
        }
      }
    />
    <Memo()
      id="projectStatusSelect"
      label="Status"
      name="status"
      onSelect={[Function]}
      options={
        Array [
          Object {
            "id": "status-inProgress",
            "label": "In Progress",
            "value": "in_progress",
          },
          Object {
            "id": "status-done",
            "label": "Done",
            "value": "done",
          },
          Object {
            "id": "status-hold",
            "label": "Hold",
            "value": "hold",
          },
          Object {
            "id": "status-published",
            "label": "Published",
            "value": "published",
          },
        ]
      }
      value="in_progress"
    />
    <NavigationContainer
      contentStyles={null}
      fixed={true}
      hideOnDesktop={false}
      right={false}
    >
      <BackButton
        disabled={false}
        id="cancelBtn"
        onClick={[Function]}
        type="button"
      >
        <FormattedMessage
          defaultMessage="Cancel"
          id="project.create.cancel"
        />
      </BackButton>
      <NextButton
        disabled={false}
        id="finishBtn"
        loading={false}
        type="submit"
      >
        <FormattedMessage
          defaultMessage="Finish"
          id="project.create.finish"
        />
      </NextButton>
    </NavigationContainer>
  </styled.form>
</styled.div>
`;
