// Jest Snapshot v1, https://goo.gl/fbAQLP

exports[`NotRegistered: Component should render correctly 1`] = `
<Fragment>
  <HelmetWrapper
    defer={true}
    encodeSpecialCharacters={true}
    title="Not registered"
  />
  <MobileMenu
    headerSubtitle={
      <FormattedMessage
        defaultMessage="Error"
        id="notRegistered.subTitle"
        values={Object {}}
      />
    }
    headerTitle={
      <FormattedMessage
        defaultMessage="Schema CMS"
        id="notRegistered.title"
        values={Object {}}
      />
    }
    iconComponent={null}
    options={Array []}
  />
  <styled.div>
    <FormattedHTMLMessage
      defaultMessage="Account with email <b>{email}</b> is not registered."
      id="notRegistered.info"
      tagName="span"
      values={
        Object {
          "email": "some-mail@example.com",
        }
      }
    />
    <br />
    <FormattedHTMLMessage
      defaultMessage="If you believe this is an error, please contact your administrator or <a href=\\"/\\">log in again</a>."
      id="notRegistered.contact"
      tagName="span"
      values={Object {}}
    />
  </styled.div>
</Fragment>
`;
