// Jest Snapshot v1, https://goo.gl/fbAQLP

exports[`EditPage: Component should render correctly 1`] = `
.c0 {
  font-weight: normal;
  width: calc(100% - 50px);
}

.c4 {
  padding-right: 50px;
}

.c3 {
  overflow: auto;
  -webkit-overflow-scrolling: touch;
  max-height: 100%;
}

.c5 {
  list-style: none;
  margin: 0;
  padding: 0;
  display: -webkit-box;
  display: -webkit-flex;
  display: -ms-flexbox;
  display: flex;
  -webkit-flex-direction: column;
  -ms-flex-direction: column;
  flex-direction: column;
}

.c6 {
  line-height: 1.5;
  margin: 2px 0;
  cursor: pointer;
  font-size: 24px;
  border-bottom: 2.4px solid #2F2F36;
  padding: 8px 0 13px;
}

.c6 a,
.c6 div {
  -webkit-text-decoration: none;
  text-decoration: none;
  color: #71737e;
  display: block;
}

.c7 {
  margin: 10px 0;
  display: -webkit-box;
  display: -webkit-flex;
  display: -ms-flexbox;
  display: flex;
  -webkit-flex-direction: column;
  -ms-flex-direction: column;
  flex-direction: column;
}

.c8 {
  color: #FFF;
  font-size: 14px;
  -webkit-text-decoration: none;
  text-decoration: none;
  margin: 12px 0;
}

.c1 {
  word-break: break-word;
}

.c2 {
  word-break: break-word;
}

.c53 {
  height: 120px;
}

.c55 {
  display: -webkit-box;
  display: -webkit-flex;
  display: -ms-flexbox;
  display: flex;
  -webkit-box-pack: justify;
  -webkit-justify-content: space-between;
  -ms-flex-pack: justify;
  justify-content: space-between;
  -webkit-flex-wrap: wrap;
  -ms-flex-wrap: wrap;
  flex-wrap: wrap;
  -webkit-align-items: center;
  -webkit-box-align: center;
  -ms-flex-align: center;
  align-items: center;
  width: 100%;
}

.c54 {
  bottom: 0;
  width: 100%;
  padding: 10px 0 36px;
  position: fixed;
  width: calc(100% - 40px);
  z-index: 999;
  background-image: linear-gradient( to top, #000,#000 30%, rgba(0,0,0,0) );
}

.c57 {
  width: calc(50% - 5px);
  max-width: 240px;
}

.c56 {
  width: calc(50% - 5px);
  max-width: 240px;
  background-color: #1d1d20;
  color: #FFF;
  border-radius: 30px;
  text-align: center;
  line-height: 30px;
  -webkit-text-decoration: none;
  text-decoration: none;
  font-size: 20px;
  padding: 9px 0;
}

.c19 {
  position: relative;
  max-width: 100%;
  display: -webkit-box;
  display: -webkit-flex;
  display: -ms-flexbox;
  display: flex;
  -webkit-box-pack: center;
  -webkit-justify-content: center;
  -ms-flex-pack: center;
  justify-content: center;
  -webkit-flex-direction: column;
  -ms-flex-direction: column;
  flex-direction: column;
  position: relative;
}

.c25 {
  position: relative;
}

.c27 {
  margin-top: 0;
}

.c20 {
  position: relative;
  top: 0;
  left: 0;
  color: #f21e29;
  font-size: 14px;
  font-weight: normal;
}

.c13 {
  padding-bottom: 50px;
}

.c28 {
  width: 100%;
}

.c34 {
  position: relative;
  z-index: 999;
}

.c26::-webkit-input-placeholder {
  color: #4f515c;
}

.c26::-moz-placeholder {
  color: #4f515c;
}

.c26:-ms-input-placeholder {
  color: #4f515c;
}

.c26::placeholder {
  color: #4f515c;
}

.c26::-webkit-input-placeholder {
  color: #4f515c;
}

.c44 {
  margin-top: 30px;
  border-top: 2px solid #2F2F36;
  padding-top: 15px;
}

.c45 {
  display: -webkit-box;
  display: -webkit-flex;
  display: -ms-flexbox;
  display: flex;
  -webkit-flex-direction: column;
  -ms-flex-direction: column;
  flex-direction: column;
  -webkit-align-items: start;
  -webkit-box-align: start;
  -ms-flex-align: start;
  align-items: start;
  -webkit-box-pack: justify;
  -webkit-justify-content: space-between;
  -ms-flex-pack: justify;
  justify-content: space-between;
  padding-bottom: 15px;
  position: relative;
}

.c48 {
  padding-right: 10px;
}

.c47 {
  padding-left: 10px;
  max-width: 100%;
}

.c46 {
  display: -webkit-box;
  display: -webkit-flex;
  display: -ms-flexbox;
  display: flex;
  -webkit-flex-direction: row;
  -ms-flex-direction: row;
  flex-direction: row;
  -webkit-align-items: center;
  -webkit-box-align: center;
  -ms-flex-align: center;
  align-items: center;
  max-width: 100%;
  padding-right: 10px;
}

.c52 {
  margin-top: 15px;
}

.c22 {
  cursor: pointer;
}

.c49 {
  color: #71737e;
  min-width: 100%;
}

.c18 {
  position: relative;
}

.c21 {
  position: absolute;
  right: 0;
  top: 0;
  display: -webkit-box;
  display: -webkit-flex;
  display: -ms-flexbox;
  display: flex;
  -webkit-align-items: center;
  -webkit-box-align: center;
  -ms-flex-align: center;
  align-items: center;
}

.c24 {
  position: relative;
}

.c39 {
  text-align: right;
}

.c50 {
  padding: 0 10px;
}

.c50:before {
  content: '|';
  display: inline;
}

.c42 {
  display: -webkit-box;
  display: -webkit-flex;
  display: -ms-flexbox;
  display: flex;
  cursor: move;
  touch-action: none;
}

.c14 {
  display: none;
}

.c15 {
  margin-right: 20px;
  overflow: hidden;
}

.c16 {
  color: #FFF;
}

.c17 {
  color: #FFF;
}

.c35 {
  display: -webkit-box;
  display: -webkit-flex;
  display: -ms-flexbox;
  display: flex;
  -webkit-flex-direction: column;
  -ms-flex-direction: column;
  flex-direction: column;
  padding-bottom: 30px;
  padding-right: 30px;
  position: relative;
  font-size: 18px;
  cursor: pointer;
}

.c35 label {
  margin-bottom: 2px;
}

.c36 {
  position: absolute;
  right: 0;
  top: 5px;
}

.c40 {
  display: -webkit-box;
  display: -webkit-flex;
  display: -ms-flexbox;
  display: flex;
  -webkit-flex-direction: row;
  -ms-flex-direction: row;
  flex-direction: row;
  max-width: calc(100% - 90px);
  font-size: 18px;
  -webkit-align-items: center;
  -webkit-box-align: center;
  -ms-flex-align: center;
  align-items: center;
}

.c41 {
  display: -webkit-box;
  display: -webkit-flex;
  display: -ms-flexbox;
  display: flex;
  -webkit-align-items: center;
  -webkit-box-align: center;
  -ms-flex-align: center;
  align-items: center;
}

.c43 {
  color: #71737e;
  max-width: 240px;
  white-space: nowrap;
  overflow: hidden;
  text-overflow: ellipsis;
  display: none;
}

.c37 {
  color: #71737e;
  text-align: center;
  padding-bottom: 20px;
  min-height: 43px;
  display: -webkit-box;
  display: -webkit-flex;
  display: -ms-flexbox;
  display: flex;
  -webkit-flex-direction: row;
  -ms-flex-direction: row;
  flex-direction: row;
  -webkit-box-pack: justify;
  -webkit-justify-content: space-between;
  -ms-flex-pack: justify;
  justify-content: space-between;
  -webkit-align-items: center;
  -webkit-box-align: center;
  -ms-flex-align: center;
  align-items: center;
}

.c38 {
  width: 33%;
}

.c23 {
  cursor: pointer;
  position: relative;
}

.c51 {
  -webkit-text-decoration: none;
  text-decoration: none;
  white-space: nowrap;
  cursor: pointer;
  color: #FFF;
  -webkit-transition: border 400ms;
  transition: border 400ms;
  border-bottom: 1px solid transparent;
}

.c51:hover {
  border-bottom: 1px solid #FFF;
}

.c29 {
  display: -webkit-box;
  display: -webkit-flex;
  display: -ms-flexbox;
  display: flex;
  border-bottom: 1px solid grey;
}

.c30 {
  display: -webkit-box;
  display: -webkit-flex;
  display: -ms-flexbox;
  display: flex;
  width: 100%;
}

.c31 {
  display: block;
  -webkit-flex: 1;
  -ms-flex: 1;
  flex: 1;
  -webkit-align-self: flex-end;
  -ms-flex-item-align: end;
  align-self: flex-end;
  text-align: center;
  border-bottom: 2px solid #FFF;
  cursor: pointer;
}

.c31:hover {
  border-bottom-color: #FFF;
}

.c33 {
  display: block;
  -webkit-flex: 1;
  -ms-flex: 1;
  flex: 1;
  -webkit-align-self: flex-end;
  -ms-flex-item-align: end;
  align-self: flex-end;
  text-align: center;
  border-bottom: 2px solid #2F2F36;
  cursor: pointer;
}

.c33:hover {
  border-bottom-color: #FFF;
}

.c32 {
  color: #FFF;
  padding: 16px;
}

.c9 {
  display: none;
}

.c12 {
  color: #FFF;
  width: 100%;
}

.c10 {
  color: #a6a7aa;
  -webkit-text-decoration: none;
  text-decoration: none;
  width: 100%;
}

.c10:hover {
  color: #FFF;
}

.c11 {
  white-space: nowrap;
  overflow: hidden;
  text-overflow: ellipsis;
  max-width: 230px;
}

@media (min-width:1050px) {
  .c0 {
    display: none;
  }
}

@media (min-width:1050px) {
  .c4 {
    height: 54px;
  }
}

@media (min-width:1050px) {
  .c3 {
    padding-bottom: 20px;
  }
}

@media (min-width:768px) {

}

@media (min-width:1050px) {
  .c53 {
    height: 100px;
  }
}

@media (min-width:1050px) {
  .c55 {
    display: -webkit-box;
    display: -webkit-flex;
    display: -ms-flexbox;
    display: flex;
  }
}

@media (min-width:1050px) {
  .c54 {
    position: fixed;
    width: calc(100% - 40px);
    z-index: 999;
    background-image: linear-gradient( to top, #000,#000 30%, rgba(0,0,0,0) );
    padding: 10px 0 36px;
    width: 1000px;
  }
}

@media (min-width:1050px) {
  .c57 {
    width: 240px;
  }
}

@media (min-width:1050px) {
  .c56 {
    width: 240px;
  }
}

@media (min-width:1050px) {
  .c27 {
    margin-top: 0;
  }
}

@media (min-width:480px) {
  .c45 {
    -webkit-flex-direction: row;
    -ms-flex-direction: row;
    flex-direction: row;
    -webkit-align-items: center;
    -webkit-box-align: center;
    -ms-flex-align: center;
    align-items: center;
  }
}

@media (min-width:480px) {
  .c46 {
    padding-right: 40px;
  }
}

@media (min-width:480px) {
  .c52 {
    margin-top: 0;
  }
}

@media (min-width:1050px) {
  .c24 {
    display: none;
  }
}

@media (min-width:1050px) {
  .c14 {
    display: -webkit-box;
    display: -webkit-flex;
    display: -ms-flexbox;
    display: flex;
    -webkit-box-pack: justify;
    -webkit-justify-content: space-between;
    -ms-flex-pack: justify;
    justify-content: space-between;
    -webkit-align-items: center;
    -webkit-box-align: center;
    -ms-flex-align: center;
    align-items: center;
    margin: 60px 0 40px 0;
    min-height: 63px;
  }
}

@media (min-width:1050px) {
  .c40 {
    max-width: calc(100% - 350px);
  }
}

@media (min-width:1050px) {
  .c43 {
    display: block;
  }
}

@media (min-width:1050px) {
  .c37 {
    margin-top: 0px;
    padding-bottom: 40px;
  }
}

@media (min-width:1050px) {
  .c29 {
    display: -webkit-box;
    display: -webkit-flex;
    display: -ms-flexbox;
    display: flex;
    margin: 29px 0 20px 0;
    font-size: 14px;
  }
}

@media (min-width:1050px) {
  .c30 {
    width: 400px;
  }
}

@media (min-width:1050px) {
  .c9 {
    display: block;
  }
}

<div
  className=""
>
  <div
    className="c0"
  >
    <div
      style={
        Object {
          "alignItems": "flex-start",
          "color": "#FFF",
          "display": "flex",
          "flexDirection": "row",
          "justifyContent": "space-between",
          "paddingBottom": "18px",
          "width": "100%",
        }
      }
    >
      <div>
        <div
          className=""
        >
          <h2
            className="c1"
            id="headerTitle"
            style={
              Object {
                "fontFamily": "Inter, \\"Helvetica Neue\\", Helvetica, Arial, sans-serif",
                "fontSize": "24px",
                "fontWeight": 100,
                "margin": 0,
              }
            }
          >
            Page
          </h2>
          <h1
            className="c2"
            id="headerSubtitle"
            style={
              Object {
                "fontFamily": "Inter, \\"Helvetica Neue\\", Helvetica, Arial, sans-serif",
                "fontSize": "24px",
                "fontWeight": 600,
                "letterSpacing": "-0.12px",
                "lineHeight": 1.25,
                "margin": 0,
              }
            }
          >
            Edit
          </h1>
        </div>
      </div>
      <button
        disabled={false}
        id="topHeaderOpenMenuBtn"
        onClick={[Function]}
        style={
          Object {
            "alignItems": "center",
            "backgroundColor": "transparent",
            "border": "none",
            "borderRadius": "30px",
            "color": "#FFF",
            "cursor": "pointer",
            "display": "flex",
            "fill": "#FFF",
            "fontSize": "20px",
            "justifyContent": "center",
            "margin": "0",
            "minHeight": "48px",
            "outline": "none",
            "padding": "0",
            "position": "absolute",
            "right": -6,
            "top": 6,
            "transition": "background 0.25s ease-in-out, color 0.25s ease-in-out",
          }
        }
        type="button"
      >
        <svg
          style={
            Object {
              "fill": "#FFF",
              "height": "60px",
              "width": "60px",
            }
          }
          viewBox="0 0 10 60"
        >
          <path
            d="M5 37a3 3 0 110 6 3 3 0 010-6zm0-10a3 3 0 110 6 3 3 0 010-6zm0-10a3 3 0 110 6 3 3 0 010-6z"
            fillRule="evenodd"
          />
        </svg>
      </button>
    </div>
    <div
      id=""
      style={
        Object {
          "backgroundColor": "#000",
          "bottom": 0,
          "color": "#FFF",
          "maxWidth": null,
          "padding": "18px 20px 27px",
          "position": "absolute",
          "right": 0,
          "textAlign": "left",
          "top": 0,
          "transform": "translateX(100%)",
          "transition": "transform 400ms cubic-bezier(0.86, 0, 0.07, 1), visibility 0s linear 400ms",
          "visibility": 0,
          "width": "100%",
          "zIndex": 99999,
        }
      }
    >
      <div
        className="c3"
      >
        <div
          className="c4"
        >
          <div
            className=""
          >
            <h2
              className="c1"
              id="headerTitle"
              style={
                Object {
                  "fontFamily": "Inter, \\"Helvetica Neue\\", Helvetica, Arial, sans-serif",
                  "fontSize": "24px",
                  "fontWeight": 100,
                  "margin": 0,
                }
              }
            >
              Page
            </h2>
            <h1
              className="c2"
              id="headerSubtitle"
              style={
                Object {
                  "fontFamily": "Inter, \\"Helvetica Neue\\", Helvetica, Arial, sans-serif",
                  "fontSize": "24px",
                  "fontWeight": 600,
                  "letterSpacing": "-0.12px",
                  "lineHeight": 1.25,
                  "margin": 0,
                }
              }
            >
              Edit
            </h1>
          </div>
        </div>
        <div
          className="c5"
        >
          <div
            className="c6"
          >
            <a
              href="/project/"
              id="projectsNavBtn"
              onClick={[Function]}
            >
              Projects
            </a>
          </div>
          <div
            className="c6"
          >
            <a
              href="/user/"
              id="usersPageNavBtn"
              onClick={[Function]}
            >
              Users
            </a>
          </div>
          <div
            className="c6"
          >
            <a
              href="/project/1"
              id="projectDetailsNavBtn"
              onClick={[Function]}
            >
              Project details
            </a>
          </div>
          <div
            className="c6"
          >
            <a
              href="/project/1/datasource"
              id="dataSourceNavBtn"
              onClick={[Function]}
            >
              Data Sources
            </a>
          </div>
          <div
            className="c6"
          >
            <a
              href="/project/1/user"
              id="usersNavBtn"
              onClick={[Function]}
            >
              Project Users
            </a>
          </div>
          <div
            className="c6"
          >
            <a
              href="/project/1/content"
              id="contentNavBtn"
              onClick={[Function]}
            >
              Content
            </a>
          </div>
          <div
            className="c6"
          >
            <a
              href="/project/1/templates"
              id="templatesNavBtn"
              onClick={[Function]}
            >
              Templates
            </a>
          </div>
        </div>
        <div
          className="c5"
        >
          <div
            className="c6"
          >
            <a
              href="/settings"
              id="settingsNavBtn"
              onClick={[Function]}
            >
              Settings
            </a>
          </div>
          <div
            className="c6"
          >
            <div
              id="logoutNavBtn"
              onClick={[Function]}
            >
              Log out
            </div>
          </div>
        </div>
        <div
          className="c7"
        >
          <a
            className="c8"
            href="/"
            id="aboutNavBtn"
            onClick={[Function]}
            rel="noreferrer"
            target="_blank"
          >
            About Schema CMS
          </a>
          <a
            className="c8"
            href="https://github.com/schemadesign/schema_cms/blob/master/backend/app/docs/public_api/api_calls.md"
            id="apiNavBtn"
            onClick={[Function]}
            rel="noreferrer"
            target="_blank"
          >
            API Doc
          </a>
          <a
            className="c8"
            href="https://github.com/schemadesign/schema_cms"
            id="repositoryNavBtn"
            onClick={[Function]}
            rel="noreferrer"
            target="_blank"
          >
            GitHub Repository
          </a>
        </div>
      </div>
      <button
        disabled={false}
        id="topHeaderCloseMenuButton"
        onClick={[Function]}
        style={
          Object {
            "alignItems": "center",
            "backgroundColor": "transparent",
            "border": "none",
            "borderRadius": "30px",
            "color": "#FFF",
            "cursor": "pointer",
            "display": "flex",
            "fill": "#FFF",
            "fontSize": "20px",
            "justifyContent": "center",
            "margin": "0",
            "minHeight": "48px",
            "outline": "none",
            "padding": "0",
            "position": "absolute",
            "right": 0,
            "top": "6px",
            "transition": "background 0.25s ease-in-out, color 0.25s ease-in-out",
          }
        }
        type="button"
      >
        <svg
          style={
            Object {
              "fill": "#FFF",
              "height": "60px",
              "width": "60px",
            }
          }
          viewBox="0 0 60 60"
        >
          <path
            d="M39.192 17.98l2.829 2.828L32.828 30l9.193 9.192-2.829 2.829L30 32.828l-9.192 9.193-2.829-2.829L27.172 30l-9.193-9.192 2.829-2.829L30 27.172l9.192-9.193z"
            fillRule="evenodd"
          />
        </svg>
      </button>
    </div>
  </div>
  <div
    className="c9"
  >
    <div
      style={
        Object {
          "borderBottom": "1px solid #a6a7aa",
          "display": "flex",
          "padding": "20px 0",
        }
      }
    >
      <div
        style={
          Object {
            "alignItems": "flex-end",
            "color": "#a6a7aa",
            "display": "flex",
            "marginRight": "14px",
          }
        }
      >
        <a
          className="c10"
          href="/project/1/"
          onClick={[Function]}
          style={
            Object {
              "backgroundColor": "transparent",
              "display": "flex",
              "flexDirection": "column",
            }
          }
        >
          <span
            style={
              Object {
                "fontFamily": "Inter, \\"Helvetica Neue\\", Helvetica, Arial, sans-serif",
                "fontSize": "14px",
              }
            }
          >
            Project
          </span>
          <h3
            className="c11"
            style={
              Object {
                "fontFamily": "Inter, \\"Helvetica Neue\\", Helvetica, Arial, sans-serif",
                "fontSize": "18px",
                "fontWeight": 600,
                "margin": 0,
              }
            }
            title="project title"
          >
            project title
          </h3>
        </a>
        <div
          style={
            Object {
              "color": "#a6a7aa",
              "marginLeft": "14px",
            }
          }
        >
          &gt;
        </div>
      </div>
      <div
        style={
          Object {
            "alignItems": "flex-end",
            "color": "#a6a7aa",
            "display": "flex",
            "marginRight": "14px",
          }
        }
      >
        <a
          className="c10"
          href="/project/1/content"
          onClick={[Function]}
          style={
            Object {
              "backgroundColor": "transparent",
              "display": "flex",
              "flexDirection": "column",
            }
          }
        >
          <span
            style={
              Object {
                "fontFamily": "Inter, \\"Helvetica Neue\\", Helvetica, Arial, sans-serif",
                "fontSize": "14px",
              }
            }
          >
            Tab
          </span>
          <h3
            className="c11"
            style={
              Object {
                "fontFamily": "Inter, \\"Helvetica Neue\\", Helvetica, Arial, sans-serif",
                "fontSize": "18px",
                "fontWeight": 600,
                "margin": 0,
              }
            }
            title="Content"
          >
            Content
          </h3>
        </a>
        <div
          style={
            Object {
              "color": "#a6a7aa",
              "marginLeft": "14px",
            }
          }
        >
          &gt;
        </div>
      </div>
      <div
        style={
          Object {
            "alignItems": "flex-end",
            "color": "#a6a7aa",
            "display": "flex",
            "marginRight": "14px",
          }
        }
      >
        <a
          className="c10"
          href="/section/sectionId"
          onClick={[Function]}
          style={
            Object {
              "backgroundColor": "transparent",
              "display": "flex",
              "flexDirection": "column",
            }
          }
        >
          <span
            style={
              Object {
                "fontFamily": "Inter, \\"Helvetica Neue\\", Helvetica, Arial, sans-serif",
                "fontSize": "14px",
              }
            }
          >
            Section
          </span>
          <h3
            className="c11"
            style={
              Object {
                "fontFamily": "Inter, \\"Helvetica Neue\\", Helvetica, Arial, sans-serif",
                "fontSize": "18px",
                "fontWeight": 600,
                "margin": 0,
              }
            }
            title=""
          >
            
          </h3>
        </a>
        <div
          style={
            Object {
              "color": "#a6a7aa",
              "marginLeft": "14px",
            }
          }
        >
          &gt;
        </div>
      </div>
      <div
        style={
          Object {
            "alignItems": "flex-end",
            "color": "#a6a7aa",
            "display": "flex",
            "marginRight": "14px",
          }
        }
      >
        <div
          className="c12"
        >
          <span
            style={
              Object {
                "fontFamily": "Inter, \\"Helvetica Neue\\", Helvetica, Arial, sans-serif",
                "fontSize": "14px",
              }
            }
          >
            Page
          </span>
          <h3
            className="c11"
            style={
              Object {
                "fontFamily": "Inter, \\"Helvetica Neue\\", Helvetica, Arial, sans-serif",
                "fontSize": "18px",
                "fontWeight": 600,
                "margin": 0,
              }
            }
            title="page name"
          >
            page name
          </h3>
        </div>
      </div>
    </div>
  </div>
  <form
    onSubmit={[Function]}
  >
    <div
      className="c13"
    >
      <div
        className="c14"
      >
        <div
          className="c15"
        >
          <h2
            className="c16"
            id="desktopHeaderTitle"
            style={
              Object {
                "fontFamily": "Inter, \\"Helvetica Neue\\", Helvetica, Arial, sans-serif",
                "fontSize": "24px",
                "fontWeight": 100,
                "margin": 0,
              }
            }
          >
            Page
          </h2>
          <h1
            className="c17"
            id="desktopHeaderSubtitle"
            style={
              Object {
                "fontFamily": "Inter, \\"Helvetica Neue\\", Helvetica, Arial, sans-serif",
                "fontSize": "24px",
                "fontWeight": 600,
                "letterSpacing": "-0.12px",
                "lineHeight": 1.25,
                "margin": 0,
              }
            }
          >
            <div
              className="c18"
            >
              <div
                className="c19"
              >
                <div
                  style={
                    Object {
                      "display": "flex",
                      "flexDirection": "column",
                      "maxWidth": "100%",
                      "paddingBottom": 0,
                      "paddingRight": 40,
                      "position": "static",
                    }
                  }
                >
                  <input
                    id="name"
                    name="name"
                    onBlur={[Function]}
                    onChange={[Function]}
                    placeholder="Name"
                    style={
                      Object {
                        "backgroundColor": "transparent",
                        "border": "none",
                        "color": "#FFF",
                        "fontFamily": "inherit",
                        "fontSize": 24,
                        "fontWeight": 600,
                        "letterSpacing": "normal",
                        "lineHeight": "24px",
                        "maxWidth": "100%",
                        "minWidth": 60,
                        "outline": "none",
                        "padding": 0,
                        "width": 80,
                      }
                    }
                    type="text"
                    value="page name"
                  />
                  <div
                    style={
                      Object {
                        "backgroundColor": "transparent",
                        "border": "none",
                        "color": "#FFF",
                        "fontFamily": "inherit",
                        "fontSize": 24,
                        "fontWeight": 600,
                        "letterSpacing": "normal",
                        "lineHeight": "24px",
                        "maxWidth": "100%",
                        "minWidth": 60,
                        "opacity": 0,
                        "outline": "none",
                        "padding": 0,
                        "position": "fixed",
                        "visibility": "hidden",
                        "whiteSpace": "pre",
                      }
                    }
                  >
                    page name
                  </div>
                  <div
                    style={
                      Object {
                        "position": "absolute",
                        "right": 0,
                        "top": 2,
                      }
                    }
                  >
                    <label
                      htmlFor="name"
                      style={
                        Object {
                          "cursor": "pointer",
                        }
                      }
                    />
                  </div>
                </div>
                <div
                  className="c20"
                  id="nameError"
                />
              </div>
              <div
                className="c21"
              >
                <label
                  className="c22"
                  htmlFor="name"
                >
                  <svg
                    style={
                      Object {
                        "fill": "#FFF",
                        "height": "30px",
                        "width": "30px",
                      }
                    }
                    viewBox="0 0 30 30"
                  >
                    <path
                      d="M21.789 10.92a.724.724 0 000-1.022l-1.687-1.687a.724.724 0 00-1.022 0l-1.322 1.322 2.709 2.709 1.322-1.322zM9 18.291V21h2.709l7.992-7.992-2.709-2.71L9 18.292z"
                      fillRule="evenodd"
                    />
                  </svg>
                </label>
                <div
                  className="c23"
                  id="pageCopyButton"
                  onClick={[Function]}
                >
                  <svg
                    style={
                      Object {
                        "fill": "#FFF",
                        "height": "20px",
                        "width": "20px",
                      }
                    }
                    viewBox="0 0 512 512"
                  >
                    <path
                      d="M464 64h-48V48c0-26.51-21.49-48-48-48H48C21.49 0 0 21.49 0 48v320c0 26.51 21.49 48 48 48h16v48c0 26.51 21.49 48 48 48h352c26.51 0 48-21.49 48-48V112c0-26.51-21.49-48-48-48zM64 112v272H48c-8.837 0-16-7.163-16-16V48c0-8.837 7.163-16 16-16h320c8.837 0 16 7.163 16 16v16H112c-26.51 0-48 21.49-48 48zm416 352c0 8.837-7.163 16-16 16H112c-8.837 0-16-7.163-16-16V112c0-8.837 7.163-16 16-16h352c8.837 0 16 7.163 16 16v352z"
                    />
                  </svg>
                </div>
              </div>
            </div>
          </h1>
        </div>
        <div
          className=""
        />
      </div>
      <div
        className="c24"
      >
        <div
          className="c25"
        >
          <div
            style={
              Object {
                "display": "flex",
                "flexDirection": "column",
                "maxWidth": "100%",
                "paddingBottom": "30px",
                "position": "relative",
              }
            }
          >
            <label
              htmlFor="name"
              style={
                Object {
                  "border": "none",
                  "borderTop": "2px solid #2F2F36",
                  "color": "#71737e",
                  "display": "block",
                  "fontSize": "14px",
                  "outline": "none",
                  "paddingTop": "8px",
                  "width": "100%",
                }
              }
            >
              Name
            </label>
            <input
              className="c26"
              id="name"
              name="name"
              onBlur={[Function]}
              onChange={[Function]}
              style={
                Object {
                  "backgroundColor": "transparent",
                  "border": "none",
                  "color": "#FFF",
                  "fontFamily": "inherit",
                  "fontSize": "18px",
                  "fontWeight": "inherit",
                  "letterSpacing": "normal",
                  "lineHeight": "24px",
                  "maxWidth": "100%",
                  "minWidth": 60,
                  "outline": "none",
                  "padding": 0,
                }
              }
              type="text"
              value="page name"
            />
            <div
              style={
                Object {
                  "position": "absolute",
                  "right": 0,
                  "top": 2,
                }
              }
            >
              <label
                htmlFor="name"
                style={
                  Object {
                    "cursor": "pointer",
                  }
                }
              >
                <div
                  className="c27"
                >
                  <svg
                    style={
                      Object {
                        "fill": "#FFF",
                        "height": "30px",
                        "width": "30px",
                      }
                    }
                    viewBox="0 0 30 30"
                  >
                    <path
                      d="M21.789 10.92a.724.724 0 000-1.022l-1.687-1.687a.724.724 0 00-1.022 0l-1.322 1.322 2.709 2.709 1.322-1.322zM9 18.291V21h2.709l7.992-7.992-2.709-2.71L9 18.292z"
                      fillRule="evenodd"
                    />
                  </svg>
                </div>
              </label>
            </div>
          </div>
          <div
            className="c20"
            id="nameError"
          />
        </div>
      </div>
      <div
        className="c28"
      >
        <div
          className="c29"
        >
          <div
            className="c30"
          >
            <div
              className="c31"
            >
              <div
                className="c32"
                id="tab-0-tab-button"
                onClick={[Function]}
              >
                Blocks
              </div>
            </div>
            <div
              className="c33"
            >
              <div
                className="c32"
                id="tab-1-tab-button"
                onClick={[Function]}
              >
                Metadata
              </div>
            </div>
          </div>
        </div>
      </div>
      <div
        className="c34"
      >
        <div
          className="c35"
          onClick={[Function]}
        >
          <label
            id="fieldProjectStatusLabel"
            style={
              Object {
                "border": "none",
                "borderTop": "2px solid #2F2F36",
                "color": "#71737e",
                "display": "block",
                "fontSize": "14px",
                "outline": "none",
                "paddingTop": "8px",
                "width": "100%",
              }
            }
          >
            Page Template
          </label>
          <input
            id="template"
            name="template"
            type="hidden"
            value={1}
          />
          <div
            style={
              Object {
                "color": "#FFF",
                "display": "flex",
                "width": "100%",
              }
            }
          >
            <div
              id="pageTemplateSelect"
              style={
                Object {
                  "cursor": "pointer",
                  "display": "flex",
                  "position": "relative",
                  "width": "100%",
                }
              }
            >
              <div
                onClick={[Function]}
                style={
                  Object {
                    "cursor": "pointer",
                    "display": "flex",
                    "width": "100%",
                  }
                }
              >
                <div
                  style={
                    Object {
                      "cursor": "pointer",
                      "overflow": "hidden",
                      "textOverflow": "ellipsis",
                      "whiteSpace": "nowrap",
                      "width": "100%",
                    }
                  }
                >
                  Page template
                </div>
              </div>
              <div
                style={
                  Object {
                    "WebkitOverflowScrolling": "touch",
                    "backgroundColor": "#1d1d20",
                    "display": "none",
                    "flexDirection": "column",
                    "left": "0",
                    "maxHeight": "184px",
                    "overflowY": "hidden",
                    "position": "absolute",
                    "top": "calc(100% + 5px)",
                    "width": "100%",
                    "zIndex": 99,
                  }
                }
              >
                <div
                  id="select-item-0"
                  onClick={[Function]}
                  onMouseOut={[Function]}
                  onMouseOver={[Function]}
                  style={
                    Object {
                      "border": "1px solid  #2F2F36",
                      "borderTop": "1px solid  #2F2F36",
                      "color": "#71737e",
                      "cursor": "pointer",
                      "overflow": "hidden",
                      "padding": "20px 10px",
                      "textOverflow": "ellipsis",
                      "whiteSpace": "nowrap",
                    }
                  }
                >
                  (blank)
                </div>
                <div
                  id="select-item-1"
                  onClick={[Function]}
                  onMouseOut={[Function]}
                  onMouseOver={[Function]}
                  style={
                    Object {
                      "backgroundColor": "#FFF",
                      "border": "1px solid  #2F2F36",
                      "borderTop": "none",
                      "color": "#000",
                      "cursor": "pointer",
                      "overflow": "hidden",
                      "padding": "20px 10px",
                      "textOverflow": "ellipsis",
                      "whiteSpace": "nowrap",
                    }
                  }
                >
                  Page template
                </div>
                <div
                  id="select-item-2"
                  onClick={[Function]}
                  onMouseOut={[Function]}
                  onMouseOver={[Function]}
                  style={
                    Object {
                      "border": "1px solid  #2F2F36",
                      "borderTop": "none",
                      "color": "#71737e",
                      "cursor": "pointer",
                      "overflow": "hidden",
                      "padding": "20px 10px",
                      "textOverflow": "ellipsis",
                      "whiteSpace": "nowrap",
                    }
                  }
                >
                  Page template 2
                </div>
              </div>
            </div>
          </div>
          <div
            className="c36"
          >
            <svg
              style={
                Object {
                  "fill": "#FFF",
                  "height": "30px",
                  "width": "30px",
                }
              }
              viewBox="0 0 30 30"
            >
              <path
                d="M15.117 18L9 12h12z"
                fillRule="evenodd"
              />
            </svg>
          </div>
        </div>
      </div>
      <div
        className="c37"
      >
        <div
          className="c38"
          id="tagsCounter"
        />
        1 Block
        <div
          className="c38"
        >
          <div
            className="c39"
          >
            <button
              disabled={false}
              id="addBlock"
              onClick={[Function]}
              style={
                Object {
                  "alignItems": "center",
                  "backgroundColor": "#FFF",
                  "border": "none",
                  "borderRadius": "4px",
                  "color": "#000",
                  "cursor": "pointer",
                  "display": "flex",
                  "fill": "#FFF",
                  "fontSize": "14px",
                  "justifyContent": "center",
                  "margin": "0",
                  "minHeight": "32px",
                  "outline": "none",
                  "padding": "0 8px 0 6px",
                  "transition": "background 0.25s ease-in-out, color 0.25s ease-in-out",
                }
              }
            >
              <svg
                style={
                  Object {
                    "fill": "#000",
                    "height": 24,
                    "shapeRendering": "crispEdges",
                    "width": 24,
                  }
                }
                viewBox="0 0 60 60"
              >
                <path
                  d="M32 15v13h13v4H32v13h-4V32H15v-4h13V15h4z"
                />
              </svg>
              Block
            </button>
          </div>
        </div>
      </div>
      <span>
        <div
          onClick={[Function]}
          style={
            Object {
              "cursor": "pointer",
              "padding": "10px 0 20px",
              "textDecoration": "underline",
            }
          }
        >
          Expand Blocks
        </div>
        <div
          style={
            Object {
              "alignItems": "center",
              "display": "flex",
              "justifyContent": "space-between",
              "opacity": 1,
              "position": "relative",
              "transform": "translate3d(0, 0, 0)",
              "width": "100%",
              "zIndex": 1,
            }
          }
        >
          <div
            style={
              Object {
                "borderTop": "2px solid #FFF",
                "position": "relative",
                "width": "100%",
              }
            }
          >
            <div
              style={
                Object {
                  "alignItems": "center",
                  "backgroundColor": "#000",
                  "display": "flex",
                  "flexDirection": "row",
                  "justifyContent": "space-between",
                  "minHeight": 60,
                  "paddingRight": 40,
                  "position": "relative",
                }
              }
            >
              <div
                className="c40"
              >
                <div
                  className="c41"
                >
                  <div>
                    <div
                      className="c42"
                    >
                      <svg
                        style={
                          Object {
                            "fill": "#FFF",
                            "height": "60px",
                            "marginRight": 20,
                            "width": 10,
                          }
                        }
                        viewBox="0 0 10 60"
                      >
                        <path
                          d="M5 37a3 3 0 110 6 3 3 0 010-6zm0-10a3 3 0 110 6 3 3 0 010-6zm0-10a3 3 0 110 6 3 3 0 010-6z"
                          fillRule="evenodd"
                        />
                      </svg>
                    </div>
                  </div>
                </div>
                <div
                  className="c19"
                >
                  <div
                    style={
                      Object {
                        "display": "flex",
                        "flexDirection": "column",
                        "maxWidth": "100%",
                        "paddingBottom": 0,
                        "position": "relative",
                      }
                    }
                  >
                    <input
                      id="blocks.0.name"
                      name="blocks.0.name"
                      onBlur={[Function]}
                      onChange={[Function]}
                      placeholder="Name"
                      style={
                        Object {
                          "backgroundColor": "transparent",
                          "border": "none",
                          "color": "#FFF",
                          "fontFamily": "inherit",
                          "fontSize": "18px",
                          "fontWeight": "inherit",
                          "letterSpacing": "normal",
                          "lineHeight": "24px",
                          "maxWidth": "100%",
                          "minWidth": 60,
                          "outline": "none",
                          "padding": 0,
                          "width": 80,
                        }
                      }
                      type="text"
                    />
                    <div
                      style={
                        Object {
                          "backgroundColor": "transparent",
                          "border": "none",
                          "color": "#FFF",
                          "fontFamily": "inherit",
                          "fontSize": "18px",
                          "fontWeight": "inherit",
                          "letterSpacing": "normal",
                          "lineHeight": "24px",
                          "maxWidth": "100%",
                          "minWidth": 60,
                          "opacity": 0,
                          "outline": "none",
                          "padding": 0,
                          "position": "fixed",
                          "visibility": "hidden",
                          "whiteSpace": "pre",
                        }
                      }
                    />
                    <div
                      style={
                        Object {
                          "position": "absolute",
                          "right": 0,
                          "top": 2,
                        }
                      }
                    >
                      <label
                        htmlFor="blocks.0.name"
                        style={
                          Object {
                            "cursor": "pointer",
                          }
                        }
                      />
                    </div>
                  </div>
                  <div
                    className="c20"
                    id="blocks.0.nameError"
                  />
                </div>
                <div
                  className="c41"
                >
                  <label
                    className="c22"
                    htmlFor="blocks.0.name"
                  >
                    <svg
                      style={
                        Object {
                          "fill": "#FFF",
                          "height": "30px",
                          "width": "30px",
                        }
                      }
                      viewBox="0 0 30 30"
                    >
                      <path
                        d="M21.789 10.92a.724.724 0 000-1.022l-1.687-1.687a.724.724 0 00-1.022 0l-1.322 1.322 2.709 2.709 1.322-1.322zM9 18.291V21h2.709l7.992-7.992-2.709-2.71L9 18.292z"
                        fillRule="evenodd"
                      />
                    </svg>
                  </label>
                  <svg
                    id="blocks.0"
                    onClick={[Function]}
                    style={
                      Object {
                        "cursor": "pointer",
                        "fill": "#FFF",
                        "height": 16,
                        "margin": "-3px 0 0 5px",
                        "width": 16,
                      }
                    }
                    viewBox="-47 0 512 512"
                  >
                    <path
                      d="M416.875 114.441L405.57 80.555a31.527 31.527 0 00-29.941-21.578h-95.012V28.043C280.617 12.582 268.047 0 252.59 0h-87.008c-15.453 0-28.027 12.582-28.027 28.043v30.934H42.547a31.528 31.528 0 00-29.945 21.578L1.297 114.44a25.426 25.426 0 003.484 22.856 25.427 25.427 0 0020.578 10.539h11.817L63.184 469.44C65.117 493.305 85.367 512 109.293 512h204.863c23.922 0 44.176-18.695 46.106-42.563l26.008-321.601h6.543A25.434 25.434 0 00413.39 137.3a25.434 25.434 0 003.484-22.86zM167.555 30h83.062v28.977h-83.062zm162.804 437.02c-.68 8.402-7.796 14.98-16.203 14.98H109.293c-8.406 0-15.523-6.578-16.203-14.98L67.273 147.836h288.899zM31.793 117.836l9.27-27.79c.21-.64.808-1.07 1.484-1.07h333.082c.676 0 1.27.43 1.484 1.07l9.27 27.79zm0 0"
                    />
                    <path
                      d="M282.516 465.957c.265.016.527.02.793.02 7.925 0 14.55-6.211 14.964-14.22L312.36 181.36c.43-8.273-5.93-15.332-14.199-15.761-8.293-.442-15.328 5.925-15.762 14.199l-14.082 270.398c-.43 8.274 5.926 15.332 14.2 15.762zm0 0M120.566 451.793c.438 7.996 7.055 14.184 14.965 14.184.274 0 .555-.008.832-.024 8.27-.45 14.61-7.52 14.16-15.793L135.77 179.762c-.45-8.274-7.52-14.614-15.793-14.16-8.27.449-14.61 7.52-14.16 15.793zm0 0M209.254 465.977c8.285 0 15-6.715 15-15V180.578c0-8.285-6.715-15-15-15s-15 6.715-15 15v270.399c0 8.285 6.715 15 15 15zm0 0"
                    />
                  </svg>
                </div>
              </div>
              <div
                className="c43"
                title="type"
              >
                type
              </div>
              <div
                onClick={[Function]}
                style={
                  Object {
                    "cursor": "pointer",
                    "fontSize": 0,
                    "position": "absolute",
                    "right": 0,
                    "top": 9,
                    "transform": "rotate(0deg)",
                    "transformOrigin": "center center",
                    "transition": "transform 200ms ease-in-out",
                  }
                }
              >
                <svg
                  style={
                    Object {
                      "fill": "#FFF",
                      "height": 40,
                      "userSelect": "none",
                      "width": 40,
                    }
                  }
                  viewBox="0 0 30 30"
                >
                  <path
                    d="M15.117 18L9 12h12z"
                    fillRule="evenodd"
                  />
                </svg>
              </div>
            </div>
            <div
              style={
                Object {
                  "backgroundColor": "#000",
                  "height": 0,
                  "overflow": "hidden",
                  "transition": "height 200ms linear, overflow 0s linear 200ms",
                }
              }
            >
              <div />
            </div>
          </div>
        </div>
         
      </span>
      <div
        className="c44"
      >
        <div
          className="c45"
        >
          <div
            className="c46"
          >
            <div>
              <input
                checked={false}
                id="isPublic"
                onChange={[Function]}
                style={
                  Object {
                    "height": 0,
                    "left": 0,
                    "overflow": "hidden",
                    "position": "absolute",
                    "top": 0,
                    "visibility": "hidden",
                  }
                }
                type="checkbox"
              />
              <label
                htmlFor="isPublic"
              >
                <div
                  style={
                    Object {
                      "background": "#2F2F36",
                      "borderRadius": 20,
                      "boxSizing": "border-box",
                      "cursor": "pointer",
                      "height": 24,
                      "padding": 2,
                      "transition": "background 200ms ease-in-out",
                      "width": 44,
                    }
                  }
                >
                  <div
                    style={
                      Object {
                        "background": "#FFF",
                        "borderRadius": "50%",
                        "height": 20,
                        "transform": "translateX(0)",
                        "transition": "transform 200ms ease-in-out",
                        "width": 20,
                      }
                    }
                  />
                </div>
              </label>
            </div>
            <div
              className="c47"
            >
              <label
                className="c48"
                htmlFor="isPublic"
              >
                Make it Public
              </label>
              <span
                className="c49"
              >
                This Page is currently Private
                <span
                  className="c50"
                />
                <a
                  className="c51"
                  href="http://project.domain/page-name-2/page-name"
                  target="_blank"
                >
                  Visit Page
                </a>
              </span>
            </div>
          </div>
          <div
            className="c52"
          >
            <button
              disabled={false}
              id="removePage"
              onClick={[Function]}
              style={
                Object {
                  "alignItems": "center",
                  "backgroundColor": "#1d1d20",
                  "border": "none",
                  "borderRadius": "30px",
                  "color": "#FFF",
                  "cursor": "pointer",
                  "display": "flex",
                  "fill": "#FFF",
                  "fontSize": "14px",
                  "justifyContent": "center",
                  "margin": "0",
                  "minHeight": "30px",
                  "outline": "none",
                  "padding": "0 16px",
                  "transition": "background 0.25s ease-in-out, color 0.25s ease-in-out",
                }
              }
            >
              Delete Page
            </button>
          </div>
        </div>
      </div>
    </div>
    <div
      className="c53"
    >
      <div
        className="c54"
      >
        <div
          className="c55"
        >
          <a
            className="c56"
            disabled={false}
            href="/section/sectionId"
            id="backBtn"
            onClick={[Function]}
          >
            Back
          </a>
          <button
            className="c57"
            disabled={true}
            id="publishPage"
            onClick={[Function]}
            style={
              Object {
                "alignItems": "center",
                "backgroundColor": "#1d1d20",
                "border": "none",
                "borderRadius": "30px",
                "color": "#71737e",
                "cursor": "default",
                "display": "flex",
                "fill": "#FFF",
                "fontSize": "20px",
                "justifyContent": "center",
                "margin": "0",
                "minHeight": "48px",
                "outline": "none",
                "padding": "0",
                "transition": "background 0.25s ease-in-out, color 0.25s ease-in-out",
              }
            }
            type="button"
          >
            Publish
          </button>
          <button
            className="c57"
            disabled={true}
            id="savePage"
            style={
              Object {
                "alignItems": "center",
                "backgroundColor": "#1d1d20",
                "border": "none",
                "borderRadius": "30px",
                "color": "#71737e",
                "cursor": "default",
                "display": "flex",
                "fill": "#FFF",
                "fontSize": "20px",
                "justifyContent": "center",
                "margin": "0",
                "minHeight": "48px",
                "outline": "none",
                "padding": "0",
                "transition": "background 0.25s ease-in-out, color 0.25s ease-in-out",
              }
            }
            type="submit"
          >
            Save draft
          </button>
        </div>
      </div>
    </div>
  </form>
</div>
`;
