// Jest Snapshot v1, https://goo.gl/fbAQLP

exports[`CounterHeader: Component should render correctly 1`] = `
<styled.div
  moveToTop={false}
>
  <styled.div
    renderElement={true}
  />
  <FormattedMessage
    defaultMessage="{count, plural,one {# {copy}} other {# {copy}s}}"
    id="shared.components.counterHeader.counter"
    values={
      Object {
        "copy": "copy",
        "count": 3,
      }
    }
  />
  <styled.div
    renderElement={true}
  >
    <div>
      right
    </div>
  </styled.div>
</styled.div>
`;
