// Jest Snapshot v1, https://goo.gl/fbAQLP

exports[`View: Component should render correctly 1`] = `
<styled.div>
  <MobileMenu
    headerSubtitle={
      <Memo(FormattedMessage)
        defaultMessage="Profile"
        id="user.view.subTitle"
      />
    }
    headerTitle={
      <Memo(FormattedMessage)
        defaultMessage="Users"
        id="user.view.title"
      />
    }
    options={
      Array [
        Object {
          "allowedRoles": Array [
            "admin",
          ],
          "id": "projectsNavBtn",
          "label": <Memo(FormattedMessage)
            defaultMessage="Projects"
            id="user.projectsListPage"
          />,
          "to": "/project/",
          "type": "link_item",
        },
        Object {
          "allowedRoles": Array [
            "admin",
          ],
          "id": "userNavBtn",
          "label": <Memo(FormattedMessage)
            defaultMessage="Users"
            id="user.userPage"
          />,
          "to": "/user/",
          "type": "link_item",
        },
      ]
    }
  />
  <ContextHeader
    subtitle={
      <Memo(FormattedMessage)
        defaultMessage="Profile"
        id="user.view.subTitle"
      />
    }
    title={
      <Memo(FormattedMessage)
        defaultMessage="Users"
        id="user.view.title"
      />
    }
  />
  <LoadingWrapper
    error={null}
    loading={true}
    noData={false}
    noDataContent={null}
  >
    <Component />
  </LoadingWrapper>
  <NavigationContainer
    contentStyles={null}
    fixed={true}
    hideOnDesktop={false}
    right={false}
  >
    <BackLink
      to="/user"
    />
  </NavigationContainer>
  <Styled(Modal)
    contentLabel="Confirm Removal"
    isOpen={false}
    style={
      Object {
        "content": Object {
          "WebkitOverflowScrolling": "touch",
          "alignItems": "center",
          "border": null,
          "borderRadius": "4px",
          "boxShadow": "0 4px 8px 0 rgba(0, 0, 0, 0.5)",
          "display": "flex",
          "flexDirection": "column",
          "left": "50%",
          "maxWidth": "600px",
          "outline": "none",
          "overflow": "auto",
          "position": "absolute",
          "right": "10px",
          "top": "50%",
          "transform": "translate(-50%, -50%)",
          "width": "calc(100% - 20px)",
        },
        "overlay": Object {
          "backgroundColor": "rgba(29, 29, 32, 0.75)",
          "bottom": 0,
          "left": 0,
          "position": "fixed",
          "right": 0,
          "top": 0,
          "zIndex": 10000,
        },
      }
    }
  >
    <Styled(H1)>
      <MemoizedFormattedMessage
        defaultMessage="Are you sure you want to remove this user?"
        id="user.view.removeTitle"
      />
    </Styled(H1)>
    <styled.div>
      <BackButton
        disabled={false}
        onClick={[Function]}
      >
        <MemoizedFormattedMessage
          defaultMessage="Cancel"
          id="user.view.cancelRemoval"
        />
      </BackButton>
      <NextButton
        disabled={false}
        loading={false}
        onClick={[Function]}
      >
        <MemoizedFormattedMessage
          defaultMessage="Confirm"
          id="user.view.confirmRemoval"
        />
      </NextButton>
    </styled.div>
  </Styled(Modal)>
  <Styled(Modal)
    contentLabel="Confirm Removal"
    isOpen={false}
    style={
      Object {
        "content": Object {
          "WebkitOverflowScrolling": "touch",
          "alignItems": "center",
          "border": null,
          "borderRadius": "4px",
          "boxShadow": "0 4px 8px 0 rgba(0, 0, 0, 0.5)",
          "display": "flex",
          "flexDirection": "column",
          "left": "50%",
          "maxWidth": "600px",
          "outline": "none",
          "overflow": "auto",
          "position": "absolute",
          "right": "10px",
          "top": "50%",
          "transform": "translate(-50%, -50%)",
          "width": "calc(100% - 20px)",
        },
        "overlay": Object {
          "backgroundColor": "rgba(29, 29, 32, 0.75)",
          "bottom": 0,
          "left": 0,
          "position": "fixed",
          "right": 0,
          "top": 0,
          "zIndex": 10000,
        },
      }
    }
  >
    <Styled(H1)>
      <MemoizedFormattedMessage
        defaultMessage="Are you sure you want to upgrade user?"
        id="user.view.makeAdminTitle"
      />
    </Styled(H1)>
    <styled.div>
      <BackButton
        disabled={false}
        onClick={[Function]}
      >
        <MemoizedFormattedMessage
          defaultMessage="Cancel"
          disabled={false}
          id="user.view.cancelRemoval"
        />
      </BackButton>
      <NextButton
        disabled={false}
        loading={false}
        onClick={[Function]}
      >
        <MemoizedFormattedMessage
          defaultMessage="Confirm"
          id="user.view.confirmRemoval"
        />
      </NextButton>
    </styled.div>
  </Styled(Modal)>
</styled.div>
`;

exports[`View: Component should render correctly for admin user 1`] = `
<styled.div>
  <MobileMenu
    headerSubtitle={
      <Memo(FormattedMessage)
        defaultMessage="Profile"
        id="user.view.subTitle"
      />
    }
    headerTitle={
      <Memo(FormattedMessage)
        defaultMessage="Users"
        id="user.view.title"
      />
    }
    options={
      Array [
        Object {
          "allowedRoles": Array [
            "admin",
          ],
          "id": "projectsNavBtn",
          "label": <Memo(FormattedMessage)
            defaultMessage="Projects"
            id="user.projectsListPage"
          />,
          "to": "/project/",
          "type": "link_item",
        },
        Object {
          "allowedRoles": Array [
            "admin",
          ],
          "id": "userNavBtn",
          "label": <Memo(FormattedMessage)
            defaultMessage="Users"
            id="user.userPage"
          />,
          "to": "/user/",
          "type": "link_item",
        },
      ]
    }
  />
  <ContextHeader
    subtitle={
      <Memo(FormattedMessage)
        defaultMessage="Profile"
        id="user.view.subTitle"
      />
    }
    title={
      <Memo(FormattedMessage)
        defaultMessage="Users"
        id="user.view.title"
      />
    }
  />
  <LoadingWrapper
    error={null}
    loading={true}
    noData={false}
    noDataContent={null}
  >
    <Component />
  </LoadingWrapper>
  <NavigationContainer
    contentStyles={null}
    fixed={true}
    hideOnDesktop={false}
    right={false}
  >
    <BackLink
      to="/user"
    />
  </NavigationContainer>
  <Styled(Modal)
    contentLabel="Confirm Removal"
    isOpen={false}
    style={
      Object {
        "content": Object {
          "WebkitOverflowScrolling": "touch",
          "alignItems": "center",
          "border": null,
          "borderRadius": "4px",
          "boxShadow": "0 4px 8px 0 rgba(0, 0, 0, 0.5)",
          "display": "flex",
          "flexDirection": "column",
          "left": "50%",
          "maxWidth": "600px",
          "outline": "none",
          "overflow": "auto",
          "position": "absolute",
          "right": "10px",
          "top": "50%",
          "transform": "translate(-50%, -50%)",
          "width": "calc(100% - 20px)",
        },
        "overlay": Object {
          "backgroundColor": "rgba(29, 29, 32, 0.75)",
          "bottom": 0,
          "left": 0,
          "position": "fixed",
          "right": 0,
          "top": 0,
          "zIndex": 10000,
        },
      }
    }
  >
    <Styled(H1)>
      <MemoizedFormattedMessage
        defaultMessage="Are you sure you want to remove this user?"
        id="user.view.removeTitle"
      />
    </Styled(H1)>
    <styled.div>
      <BackButton
        disabled={false}
        onClick={[Function]}
      >
        <MemoizedFormattedMessage
          defaultMessage="Cancel"
          id="user.view.cancelRemoval"
        />
      </BackButton>
      <NextButton
        disabled={false}
        loading={false}
        onClick={[Function]}
      >
        <MemoizedFormattedMessage
          defaultMessage="Confirm"
          id="user.view.confirmRemoval"
        />
      </NextButton>
    </styled.div>
  </Styled(Modal)>
  <Styled(Modal)
    contentLabel="Confirm Removal"
    isOpen={false}
    style={
      Object {
        "content": Object {
          "WebkitOverflowScrolling": "touch",
          "alignItems": "center",
          "border": null,
          "borderRadius": "4px",
          "boxShadow": "0 4px 8px 0 rgba(0, 0, 0, 0.5)",
          "display": "flex",
          "flexDirection": "column",
          "left": "50%",
          "maxWidth": "600px",
          "outline": "none",
          "overflow": "auto",
          "position": "absolute",
          "right": "10px",
          "top": "50%",
          "transform": "translate(-50%, -50%)",
          "width": "calc(100% - 20px)",
        },
        "overlay": Object {
          "backgroundColor": "rgba(29, 29, 32, 0.75)",
          "bottom": 0,
          "left": 0,
          "position": "fixed",
          "right": 0,
          "top": 0,
          "zIndex": 10000,
        },
      }
    }
  >
    <Styled(H1)>
      <MemoizedFormattedMessage
        defaultMessage="Are you sure you want to upgrade user?"
        id="user.view.makeAdminTitle"
      />
    </Styled(H1)>
    <styled.div>
      <BackButton
        disabled={false}
        onClick={[Function]}
      >
        <MemoizedFormattedMessage
          defaultMessage="Cancel"
          disabled={false}
          id="user.view.cancelRemoval"
        />
      </BackButton>
      <NextButton
        disabled={false}
        loading={false}
        onClick={[Function]}
      >
        <MemoizedFormattedMessage
          defaultMessage="Confirm"
          id="user.view.confirmRemoval"
        />
      </NextButton>
    </styled.div>
  </Styled(Modal)>
</styled.div>
`;
