// Jest Snapshot v1, https://goo.gl/fbAQLP

exports[`Content: Component should render correctly 1`] = `
.c0 {
  font-weight: normal;
  width: calc(100% - 50px);
}

.c4 {
  padding-right: 50px;
}

.c3 {
  overflow: auto;
  -webkit-overflow-scrolling: touch;
  max-height: 100%;
}

.c5 {
  list-style: none;
  margin: 0;
  padding: 0;
  display: -webkit-box;
  display: -webkit-flex;
  display: -ms-flexbox;
  display: flex;
  -webkit-flex-direction: column;
  -ms-flex-direction: column;
  flex-direction: column;
}

.c6 {
  line-height: 1.5;
  margin: 2px 0;
  cursor: pointer;
  font-size: 24px;
  border-bottom: 2.4px solid #2F2F36;
  padding: 8px 0 13px;
}

.c6 a,
.c6 div {
  -webkit-text-decoration: none;
  text-decoration: none;
  color: #71737e;
  display: block;
}

.c7 {
  line-height: 1.5;
  margin: 2px 0;
  cursor: pointer;
  font-size: 24px;
  border-bottom: 2.4px solid #FFF;
  padding: 8px 0 13px;
}

.c7 a,
.c7 div {
  -webkit-text-decoration: none;
  text-decoration: none;
  color: #FFF;
  display: block;
}

.c8 {
  margin: 10px 0;
  display: -webkit-box;
  display: -webkit-flex;
  display: -ms-flexbox;
  display: flex;
  -webkit-flex-direction: column;
  -ms-flex-direction: column;
  flex-direction: column;
}

.c9 {
  color: #FFF;
  font-size: 14px;
  -webkit-text-decoration: none;
  text-decoration: none;
  margin: 12px 0;
}

.c1 {
  word-break: break-word;
}

.c2 {
  word-break: break-word;
}

.c27 {
  height: 120px;
}

.c29 {
  display: -webkit-box;
  display: -webkit-flex;
  display: -ms-flexbox;
  display: flex;
  -webkit-box-pack: justify;
  -webkit-justify-content: space-between;
  -ms-flex-pack: justify;
  justify-content: space-between;
  -webkit-flex-wrap: wrap;
  -ms-flex-wrap: wrap;
  flex-wrap: wrap;
  -webkit-align-items: center;
  -webkit-box-align: center;
  -ms-flex-align: center;
  align-items: center;
  width: 100%;
}

.c28 {
  bottom: 0;
  width: 100%;
  padding: 10px 0 36px;
  position: fixed;
  width: calc(100% - 40px);
  z-index: 999;
  background-image: linear-gradient( to top, #000,#000 30%, rgba(0,0,0,0) );
}

.c30 {
  width: calc(50% - 5px);
  max-width: 240px;
  background-color: #1d1d20;
  color: #FFF;
  border-radius: 30px;
  text-align: center;
  line-height: 30px;
  -webkit-text-decoration: none;
  text-decoration: none;
  font-size: 20px;
  padding: 9px 0;
}

.c18 {
  display: -webkit-box;
  display: -webkit-flex;
  display: -ms-flexbox;
  display: flex;
  -webkit-box-pack: justify;
  -webkit-justify-content: space-between;
  -ms-flex-pack: justify;
  justify-content: space-between;
  -webkit-align-items: center;
  -webkit-box-align: center;
  -ms-flex-align: center;
  align-items: center;
  border-radius: 4px;
  padding: 4px 8px 4px 6px;
  background-color: #FFF;
  color: #000;
  -webkit-text-decoration: none;
  text-decoration: none;
}

.c31 {
  display: -webkit-box;
  display: -webkit-flex;
  display: -ms-flexbox;
  display: flex;
  -webkit-box-pack: justify;
  -webkit-justify-content: space-between;
  -ms-flex-pack: justify;
  justify-content: space-between;
  -webkit-align-items: center;
  -webkit-box-align: center;
  -ms-flex-align: center;
  align-items: center;
  border-radius: 4px;
  padding: 4px 8px 4px 6px;
  background-color: #FFF;
  color: #000;
  -webkit-text-decoration: none;
  text-decoration: none;
}

.c10 {
  display: none;
}

.c11 {
  display: block;
  -webkit-flex: 1;
  -ms-flex: 1;
  flex: 1;
  -webkit-align-self: flex-end;
  -ms-flex-item-align: end;
  align-self: flex-end;
  text-align: center;
  border-bottom: 2px solid #2F2F36;
  cursor: pointer;
}

.c11:hover {
  border-bottom-color: #FFF;
}

.c13 {
  display: block;
  -webkit-flex: 1;
  -ms-flex: 1;
  flex: 1;
  -webkit-align-self: flex-end;
  -ms-flex-item-align: end;
  align-self: flex-end;
  text-align: center;
  border-bottom: 2px solid #FFF;
  cursor: pointer;
}

.c13:hover {
  border-bottom-color: #FFF;
}

.c12 {
  color: #FFF;
  display: block;
  padding: 16px;
  -webkit-text-decoration: none;
  text-decoration: none;
}

.c14 {
  display: none;
}

.c15 {
  margin-right: 20px;
  overflow: hidden;
}

.c16 {
  color: #FFF;
}

.c17 {
  color: #FFF;
}

.c24 {
  list-style: none;
  margin: 0;
  padding: 0;
  overflow: hidden;
}

.c25 {
  display: inline-block;
  line-height: 1.25;
  margin-right: 1.5em;
  color: #71737e;
}

.c25::before {
  content: '•';
  margin-left: -1.5em;
  display: inline-block;
  padding: 0 7px;
}

.c23 {
  display: -webkit-box;
  display: -webkit-flex;
  display: -ms-flexbox;
  display: flex;
  -webkit-flex-direction: row;
  -ms-flex-direction: row;
  flex-direction: row;
  -webkit-align-items: center;
  -webkit-box-align: center;
  -ms-flex-align: center;
  align-items: center;
  -webkit-box-pack: justify;
  -webkit-justify-content: space-between;
  -ms-flex-pack: justify;
  justify-content: space-between;
}

.c22 {
  margin-bottom: 20px;
  -webkit-flex: 0 0 auto;
  -ms-flex: 0 0 auto;
  flex: 0 0 auto;
  width: 100%;
  min-height: 150px;
}

.c26 {
  word-break: break-word;
  cursor: pointer;
  line-height: 1.25;
  -webkit-letter-spacing: -0.12px;
  -moz-letter-spacing: -0.12px;
  -ms-letter-spacing: -0.12px;
  letter-spacing: -0.12px;
  margin: 0;
  color: inherit;
  -webkit-text-decoration: none;
  text-decoration: none;
  display: block;
  font-size: 2em;
  font-weight: bold;
}

.c21 {
  display: -webkit-box;
  display: -webkit-flex;
  display: -ms-flexbox;
  display: flex;
  -webkit-flex-direction: row;
  -ms-flex-direction: row;
  flex-direction: row;
  -webkit-flex-wrap: wrap;
  -ms-flex-wrap: wrap;
  flex-wrap: wrap;
}

.c19 {
  color: #71737e;
  text-align: center;
  padding-bottom: 20px;
  min-height: 43px;
  display: -webkit-box;
  display: -webkit-flex;
  display: -ms-flexbox;
  display: flex;
  -webkit-flex-direction: row;
  -ms-flex-direction: row;
  flex-direction: row;
  -webkit-box-pack: justify;
  -webkit-justify-content: space-between;
  -ms-flex-pack: justify;
  justify-content: space-between;
  -webkit-align-items: center;
  -webkit-box-align: center;
  -ms-flex-align: center;
  align-items: center;
}

.c20 {
  width: 0%;
}

@media (min-width:1050px) {
  .c0 {
    display: none;
  }
}

@media (min-width:1050px) {
  .c4 {
    height: 54px;
  }
}

@media (min-width:1050px) {
  .c3 {
    padding-bottom: 20px;
  }
}

@media (min-width:768px) {

}

@media (min-width:1050px) {
  .c27 {
    height: 100px;
  }
}

@media (min-width:1050px) {
  .c29 {
    display: -webkit-box;
    display: -webkit-flex;
    display: -ms-flexbox;
    display: flex;
  }
}

@media (min-width:1050px) {
  .c28 {
    position: fixed;
    width: calc(100% - 40px);
    z-index: 999;
    background-image: linear-gradient( to top, #000,#000 30%, rgba(0,0,0,0) );
    padding: 10px 0 36px;
    width: 1000px;
  }
}

@media (min-width:1050px) {
  .c30 {
    width: 240px;
  }
}

@media (min-width:1050px) {
  .c18 {
    display: -webkit-box;
    display: -webkit-flex;
    display: -ms-flexbox;
    display: flex;
  }
}

@media (min-width:1050px) {
  .c31 {
    display: none;
  }
}

@media (min-width:1050px) {
  .c10 {
    display: -webkit-box;
    display: -webkit-flex;
    display: -ms-flexbox;
    display: flex;
    margin: 29px 0 20px 0;
    font-size: 15px;
  }
}

@media (min-width:1050px) {
  .c14 {
    display: -webkit-box;
    display: -webkit-flex;
    display: -ms-flexbox;
    display: flex;
    -webkit-box-pack: justify;
    -webkit-justify-content: space-between;
    -ms-flex-pack: justify;
    justify-content: space-between;
    -webkit-align-items: center;
    -webkit-box-align: center;
    -ms-flex-align: center;
    align-items: center;
    margin: 60px 0 40px 0;
    min-height: 63px;
  }
}

@media (min-width:1050px) {
  .c22 {
    width: calc(100%/3 - 20px);
    max-width: 320px;
    min-height: 192px;
    margin: 10px;
  }
}

@media (min-width:1050px) {
  .c21 {
    -webkit-box-pack: start;
    -webkit-justify-content: flex-start;
    -ms-flex-pack: start;
    justify-content: flex-start;
    margin: 0 -10px;
  }
}

@media (min-width:1050px) {
  .c19 {
    margin-top: -35px;
    padding-bottom: 40px;
  }
}

<div
  className=""
>
  <div
    className="c0"
  >
    <div
      style={
        Object {
          "alignItems": "flex-start",
          "color": "#FFF",
          "display": "flex",
          "flexDirection": "row",
          "justifyContent": "space-between",
          "paddingBottom": "18px",
          "width": "100%",
        }
      }
    >
      <div>
        <div
          className=""
        >
          <h2
            className="c1"
            id="headerTitle"
            style={
              Object {
                "fontFamily": "Inter, \\"Helvetica Neue\\", Helvetica, Arial, sans-serif",
                "fontSize": "24px",
                "fontWeight": 100,
                "margin": 0,
              }
            }
          >
            Content
          </h2>
          <h1
            className="c2"
            id="headerSubtitle"
            style={
              Object {
                "fontFamily": "Inter, \\"Helvetica Neue\\", Helvetica, Arial, sans-serif",
                "fontSize": "24px",
                "fontWeight": 600,
                "letterSpacing": "-0.12px",
                "lineHeight": 1.25,
                "margin": 0,
              }
            }
          >
            Sections
          </h1>
        </div>
      </div>
      <button
        disabled={false}
        id="topHeaderOpenMenuBtn"
        onClick={[Function]}
        style={
          Object {
            "alignItems": "center",
            "backgroundColor": "transparent",
            "border": "none",
            "borderRadius": "30px",
            "color": "#FFF",
            "cursor": "pointer",
            "display": "flex",
            "fill": "#FFF",
            "fontSize": "20px",
            "justifyContent": "center",
            "margin": "0",
            "minHeight": "48px",
            "outline": "none",
            "padding": "0",
            "position": "absolute",
            "right": -6,
            "top": 6,
            "transition": "background 0.25s ease-in-out, color 0.25s ease-in-out",
          }
        }
        type="button"
      >
        <svg
          style={
            Object {
              "fill": "#FFF",
              "height": "60px",
              "width": "60px",
            }
          }
          viewBox="0 0 10 60"
        >
          <path
            d="M5 37a3 3 0 110 6 3 3 0 010-6zm0-10a3 3 0 110 6 3 3 0 010-6zm0-10a3 3 0 110 6 3 3 0 010-6z"
            fillRule="evenodd"
          />
        </svg>
      </button>
    </div>
    <div
      id=""
      style={
        Object {
          "backgroundColor": "#000",
          "bottom": 0,
          "color": "#FFF",
          "maxWidth": null,
          "padding": "18px 20px 27px",
          "position": "absolute",
          "right": 0,
          "textAlign": "left",
          "top": 0,
          "transform": "translateX(100%)",
          "transition": "transform 400ms cubic-bezier(0.86, 0, 0.07, 1), visibility 0s linear 400ms",
          "visibility": 0,
          "width": "100%",
          "zIndex": 99999,
        }
      }
    >
      <div
        className="c3"
      >
        <div
          className="c4"
        >
          <div
            className=""
          >
            <h2
              className="c1"
              id="headerTitle"
              style={
                Object {
                  "fontFamily": "Inter, \\"Helvetica Neue\\", Helvetica, Arial, sans-serif",
                  "fontSize": "24px",
                  "fontWeight": 100,
                  "margin": 0,
                }
              }
            >
              Content
            </h2>
            <h1
              className="c2"
              id="headerSubtitle"
              style={
                Object {
                  "fontFamily": "Inter, \\"Helvetica Neue\\", Helvetica, Arial, sans-serif",
                  "fontSize": "24px",
                  "fontWeight": 600,
                  "letterSpacing": "-0.12px",
                  "lineHeight": 1.25,
                  "margin": 0,
                }
              }
            >
              Sections
            </h1>
          </div>
        </div>
        <div
          className="c5"
        >
          <div
            className="c6"
          >
            <a
              href="/project/"
              id="projectsNavBtn"
              onClick={[Function]}
            >
              Projects
            </a>
          </div>
          <div
            className="c6"
          >
            <a
              href="/user/"
              id="usersPageNavBtn"
              onClick={[Function]}
            >
              Users
            </a>
          </div>
          <div
            className="c6"
          >
            <a
              href="/project/projectId"
              id="projectDetailsNavBtn"
              onClick={[Function]}
            >
              Project details
            </a>
          </div>
          <div
            className="c6"
          >
            <a
              href="/project/projectId/datasource"
              id="dataSourceNavBtn"
              onClick={[Function]}
            >
              Data Sources
            </a>
          </div>
          <div
            className="c6"
          >
            <a
              href="/project/projectId/user"
              id="usersNavBtn"
              onClick={[Function]}
            >
              Project Users
            </a>
          </div>
          <div
            className="c7"
          >
            <a
              href="/project/projectId/content"
              id="contentNavBtn"
              onClick={[Function]}
            >
              Content
            </a>
          </div>
          <div
            className="c6"
          >
            <a
              href="/project/projectId/templates"
              id="templatesNavBtn"
              onClick={[Function]}
            >
              Templates
            </a>
          </div>
        </div>
        <div
          className="c5"
        >
          <div
            className="c6"
          >
            <a
              href="/settings"
              id="settingsNavBtn"
              onClick={[Function]}
            >
              Settings
            </a>
          </div>
          <div
            className="c6"
          >
            <div
              id="logoutNavBtn"
              onClick={[Function]}
            >
              Log out
            </div>
          </div>
        </div>
        <div
          className="c8"
        >
          <a
            className="c9"
            href="/"
            id="aboutNavBtn"
            onClick={[Function]}
            rel="noreferrer"
            target="_blank"
          >
            About Schema CMS
          </a>
          <a
            className="c9"
            href="https://github.com/schemadesign/schema_cms/blob/master/backend/app/docs/public_api/api_calls.md"
            id="apiNavBtn"
            onClick={[Function]}
            rel="noreferrer"
            target="_blank"
          >
            API Doc
          </a>
          <a
            className="c9"
            href="https://github.com/schemadesign/schema_cms"
            id="repositoryNavBtn"
            onClick={[Function]}
            rel="noreferrer"
            target="_blank"
          >
            GitHub Repository
          </a>
        </div>
      </div>
      <button
        disabled={false}
        id="topHeaderCloseMenuButton"
        onClick={[Function]}
        style={
          Object {
            "alignItems": "center",
            "backgroundColor": "transparent",
            "border": "none",
            "borderRadius": "30px",
            "color": "#FFF",
            "cursor": "pointer",
            "display": "flex",
            "fill": "#FFF",
            "fontSize": "20px",
            "justifyContent": "center",
            "margin": "0",
            "minHeight": "48px",
            "outline": "none",
            "padding": "0",
            "position": "absolute",
            "right": 0,
            "top": "6px",
            "transition": "background 0.25s ease-in-out, color 0.25s ease-in-out",
          }
        }
        type="button"
      >
        <svg
          style={
            Object {
              "fill": "#FFF",
              "height": "60px",
              "width": "60px",
            }
          }
          viewBox="0 0 60 60"
        >
          <path
            d="M39.192 17.98l2.829 2.828L32.828 30l9.193 9.192-2.829 2.829L30 32.828l-9.192 9.193-2.829-2.829L27.172 30l-9.193-9.192 2.829-2.829L30 27.172l9.192-9.193z"
            fillRule="evenodd"
          />
        </svg>
      </button>
    </div>
  </div>
  <div
    className=""
    id="tabsContainer"
  >
    <div
      className="c10"
    >
      <div
        className="c11"
      >
        <a
          className="c12"
          href="/project/projectId"
          id="settingsTab"
          onClick={[Function]}
        >
          Settings
        </a>
      </div>
      <div
        className="c11"
      >
        <a
          className="c12"
          href="/project/projectId/datasource"
          id="sourcesTab"
          onClick={[Function]}
        >
          Sources
        </a>
      </div>
      <div
        className="c13"
      >
        <a
          className="c12"
          href="/project/projectId/content"
          id="contentTab"
          onClick={[Function]}
        >
          Content
        </a>
      </div>
      <div
        className="c11"
      >
        <a
          className="c12"
          href="/project/projectId/templates"
          id="templatesTab"
          onClick={[Function]}
        >
          Templates
        </a>
      </div>
      <div
        className="c11"
      >
        <a
          className="c12"
          href="/project/projectId/user"
          id="usersTab"
          onClick={[Function]}
        >
          Users
        </a>
      </div>
    </div>
  </div>
  <div
    className="c14"
  >
    <div
      className="c15"
    >
      <h2
        className="c16"
        id="desktopHeaderTitle"
        style={
          Object {
            "fontFamily": "Inter, \\"Helvetica Neue\\", Helvetica, Arial, sans-serif",
            "fontSize": "24px",
            "fontWeight": 100,
            "margin": 0,
          }
        }
      >
        Content
      </h2>
      <h1
        className="c17"
        id="desktopHeaderSubtitle"
        style={
          Object {
            "fontFamily": "Inter, \\"Helvetica Neue\\", Helvetica, Arial, sans-serif",
            "fontSize": "24px",
            "fontWeight": 600,
            "letterSpacing": "-0.12px",
            "lineHeight": 1.25,
            "margin": 0,
          }
        }
      >
        Sections
      </h1>
    </div>
    <div
      className=""
    >
      <a
        className="c18"
        href="/project/projectId/section/create"
        onClick={[Function]}
      >
        <svg
          id="createSection"
          style={
            Object {
              "fill": "#000",
              "height": 24,
              "shapeRendering": "crispEdges",
              "width": 24,
            }
          }
          viewBox="0 0 60 60"
        >
          <path
            d="M32 15v13h13v4H32v13h-4V32H15v-4h13V15h4z"
          />
        </svg>
         
        Block
      </a>
    </div>
  </div>
  <div
    className="c19"
  >
    <div
      className="c20"
      id="tagsCounter"
    />
    2 sections
    <div
      className="c20"
    />
  </div>
  <section
    className="c21"
  >
    <div
      className="c22"
      style={
        Object {
          "backgroundColor": "#1d1d20",
          "borderTop": "2px solid #FFF",
          "color": "#FFF",
          "display": "flex",
          "flexDirection": "column",
          "fontFamily": "Inter, \\"Helvetica Neue\\", Helvetica, Arial, sans-serif",
          "fontSize": "12px",
          "justifyContent": "space-between",
          "padding": "12px 14px 14px",
          "position": "relative",
        }
      }
    >
      <div
        style={
          Object {
            "height": "100%",
            "width": "100%",
          }
        }
      >
        <div
          style={
            Object {
              "color": "#71737e",
              "marginBottom": 14,
            }
          }
        >
          <div
            className="c23"
          >
            <ul
              className="c24"
            >
              <li
                className="c25"
                id="headerItem-0"
              >
                in 3 months
              </li>
              <li
                className="c25"
                id="headerItem-1"
              >
                owner
              </li>
            </ul>
          </div>
        </div>
        <a
          className="c26"
          href="/section/1"
          id="section-1"
          onClick={[Function]}
        >
          Section name
        </a>
      </div>
      <div
        style={
          Object {
            "color": "#71737e",
            "marginBottom": 4,
            "marginTop": 10,
          }
        }
      >
        1 Page
      </div>
    </div>
    <div
      className="c22"
      style={
        Object {
          "backgroundColor": "#1d1d20",
          "borderTop": "2px solid #FFF",
          "color": "#FFF",
          "display": "flex",
          "flexDirection": "column",
          "fontFamily": "Inter, \\"Helvetica Neue\\", Helvetica, Arial, sans-serif",
          "fontSize": "12px",
          "justifyContent": "space-between",
          "padding": "12px 14px 14px",
          "position": "relative",
        }
      }
    >
      <div
        style={
          Object {
            "height": "100%",
            "width": "100%",
          }
        }
      >
        <div
          style={
            Object {
              "color": "#71737e",
              "marginBottom": 14,
            }
          }
        >
          <div
            className="c23"
          >
            <ul
              className="c24"
            >
              <li
                className="c25"
                id="headerItem-0"
              >
                in 3 months
              </li>
              <li
                className="c25"
                id="headerItem-1"
              >
                owner 2
              </li>
            </ul>
          </div>
        </div>
        <a
          className="c26"
          href="/section/2"
          id="section-2"
          onClick={[Function]}
        >
          Section name 2
        </a>
      </div>
      <div
        style={
          Object {
            "color": "#71737e",
            "marginBottom": 4,
            "marginTop": 10,
          }
        }
      >
        0 Pages
      </div>
    </div>
  </section>
  <div
    className="c27"
  >
    <div
      className="c28"
    >
      <div
        className="c29"
      >
        <a
          className="c30"
          disabled={false}
          href="/project/projectId"
          id="backBtn"
          onClick={[Function]}
        >
          Back
        </a>
        <a
          className="c31"
          href="/project/projectId/section/create"
          onClick={[Function]}
        >
          <svg
            id="createSection"
            style={
              Object {
                "fill": "#000",
                "height": 24,
                "shapeRendering": "crispEdges",
                "width": 24,
              }
            }
            viewBox="0 0 60 60"
          >
            <path
              d="M32 15v13h13v4H32v13h-4V32H15v-4h13V15h4z"
            />
          </svg>
           
          Block
        </a>
      </div>
    </div>
  </div>
</div>
`;
