// Jest Snapshot v1, https://goo.gl/fbAQLP

exports[`Menu: Component should render correctly 1`] = `
<ContextConsumer>
  <Component />
</ContextConsumer>
`;

exports[`Menu: Component should render opened 1`] = `
<ContextConsumer>
  <Component />
</ContextConsumer>
`;

exports[`Menu: Component should with custom styles 1`] = `
<ContextConsumer>
  <Component />
</ContextConsumer>
`;
