// Jest Snapshot v1, https://goo.gl/fbAQLP

exports[`CreateSection: Component should render correctly 1`] = `
<div
  className="sc-AxjAm StDqN"
>
  <div
    className="sc-AxiKw hckbFO"
  >
    <div
      style={
        Object {
          "alignItems": "flex-start",
          "color": "#FFF",
          "display": "flex",
          "flexDirection": "row",
          "justifyContent": "space-between",
          "paddingBottom": "18px",
          "width": "100%",
        }
      }
    >
      <div>
        <div
          className="sc-AxhCb ccMvAG"
        >
          <h2
            className="sc-fzoLsD irsToz"
            id="headerTitle"
            style={
              Object {
                "fontFamily": "Inter, \\"Helvetica Neue\\", Helvetica, Arial, sans-serif",
                "fontSize": "24px",
                "fontWeight": 100,
                "margin": 0,
              }
            }
          >
            Section
          </h2>
          <h1
            className="sc-fzpans kyzoMb"
            id="headerSubtitle"
            style={
              Object {
                "fontFamily": "Inter, \\"Helvetica Neue\\", Helvetica, Arial, sans-serif",
                "fontSize": "24px",
                "fontWeight": 600,
                "letterSpacing": "-0.12px",
                "lineHight": 1.25,
                "margin": 0,
              }
            }
          >
            Create
          </h1>
        </div>
      </div>
      <button
        disabled={false}
        id="topHeaderOpenMenuBtn"
        onClick={[Function]}
        style={
          Object {
            "backgroundColor": "transparent",
            "border": "none",
            "borderRadius": "48px",
            "color": "#FFF",
            "cursor": "pointer",
            "display": "inline-block",
            "fill": "#FFF",
            "fontSize": "18px",
            "margin": "0",
            "minHeight": "48px",
            "outline": "none",
            "padding": "0",
            "position": "absolute",
            "right": -6,
            "top": 6,
            "transition": "background 0.25s ease-in-out, color 0.25s ease-in-out",
          }
        }
        type="button"
      >
        <svg
          style={
            Object {
              "fill": "#FFF",
              "height": "60px",
              "width": "60px",
            }
          }
          viewBox="0 0 10 60"
        >
          <path
            d="M5 37a3 3 0 110 6 3 3 0 010-6zm0-10a3 3 0 110 6 3 3 0 010-6zm0-10a3 3 0 110 6 3 3 0 010-6z"
            fillRule="evenodd"
          />
        </svg>
      </button>
    </div>
    <div
      style={
        Object {
          "backgroundColor": "#000",
          "color": "#FFF",
          "maxWidth": null,
          "minHeight": "100vh",
          "padding": "18px 20px 27px",
          "position": "absolute",
          "right": 0,
          "textAlign": "left",
          "top": 0,
          "transform": "translateX(100%)",
          "transition": "transform 400ms cubic-bezier(0.86, 0, 0.07, 1), visibility 0s linear 400ms",
          "visibility": 0,
          "width": "100%",
          "zIndex": 99999,
        }
      }
    >
      <div
        className="sc-AxhUy bTHPQP"
      >
        <div
          className="sc-AxhCb ccMvAG"
        >
          <h2
            className="sc-fzoLsD irsToz"
            id="headerTitle"
            style={
              Object {
                "fontFamily": "Inter, \\"Helvetica Neue\\", Helvetica, Arial, sans-serif",
                "fontSize": "24px",
                "fontWeight": 100,
                "margin": 0,
              }
            }
          >
            Section
          </h2>
          <h1
            className="sc-fzpans kyzoMb"
            id="headerSubtitle"
            style={
              Object {
                "fontFamily": "Inter, \\"Helvetica Neue\\", Helvetica, Arial, sans-serif",
                "fontSize": "24px",
                "fontWeight": 600,
                "letterSpacing": "-0.12px",
                "lineHight": 1.25,
                "margin": 0,
              }
            }
          >
            Create
          </h1>
        </div>
      </div>
      <div
        className="sc-AxgMl gqVIwy"
      >
        <div
          className="sc-AxheI WYDNX"
        >
          <div
            className="sc-Axmtr fdTiXf"
          >
            <a
              href="/project/"
              id="projectsNavBtn"
              onClick={[Function]}
            >
              Projects
            </a>
          </div>
          <div
            className="sc-Axmtr fdTiXf"
          >
            <a
              href="/user/"
              id="usersPageNavBtn"
              onClick={[Function]}
            >
              Users
            </a>
          </div>
          <div
            className="sc-Axmtr fdTiXf"
          >
            <a
              href="/project/projectId"
              id="projectDetailsNavBtn"
              onClick={[Function]}
            >
              Project details
            </a>
          </div>
          <div
            className="sc-Axmtr fdTiXf"
          >
            <a
              href="/project/projectId/datasource"
              id="dataSourceNavBtn"
              onClick={[Function]}
            >
              Data Sources
            </a>
          </div>
          <div
            className="sc-Axmtr fdTiXf"
          >
            <a
              href="/project/projectId/state"
              id="stateNavBtn"
              onClick={[Function]}
            >
              States
            </a>
          </div>
          <div
            className="sc-Axmtr fdTiXf"
          >
            <a
              href="/project/projectId/user"
              id="usersNavBtn"
              onClick={[Function]}
            >
              Project Users
            </a>
          </div>
          <div
            className="sc-Axmtr eQomEu"
          >
            <a
              href="/project/projectId/content"
              id="contentNavBtn"
              onClick={[Function]}
            >
              Content
            </a>
          </div>
          <div
            className="sc-Axmtr fdTiXf"
          >
            <a
              href="/project/projectId/templates"
              id="templatesNavBtn"
              onClick={[Function]}
            >
              Templates
            </a>
          </div>
        </div>
        <div
          className="sc-AxheI WYDNX"
        >
          <div
            className="sc-Axmtr fdTiXf"
          >
            <a
              href="/settings"
              id="settingsNavBtn"
              onClick={[Function]}
            >
              Settings
            </a>
          </div>
          <div
            className="sc-Axmtr fdTiXf"
          >
            <div
              onClick={[Function]}
            >
              Log out
            </div>
          </div>
        </div>
        <div
          className="sc-AxmLO kHkOwf"
        >
          <a
            className="sc-fzozJi iSBTWi"
            href="/"
            id="aboutNavBtn"
            onClick={[Function]}
          >
            About Schema CMS
          </a>
          <a
            className="sc-fzozJi iSBTWi"
            href="/"
            id="apiNavBtn"
            onClick={[Function]}
          >
            API Doc
          </a>
          <a
            className="sc-fzozJi iSBTWi"
            href="/"
            id="repositoryNavBtn"
            onClick={[Function]}
          >
            GitHub Repository
          </a>
        </div>
      </div>
      <button
        disabled={false}
        id="topHeaderCloseMenuButton"
        onClick={[Function]}
        style={
          Object {
            "backgroundColor": "transparent",
            "border": "none",
            "borderRadius": "48px",
            "color": "#FFF",
            "cursor": "pointer",
            "display": "inline-block",
            "fill": "#FFF",
            "fontSize": "18px",
            "margin": "0",
            "minHeight": "48px",
            "outline": "none",
            "padding": "0",
            "position": "absolute",
            "right": 0,
            "top": "6px",
            "transition": "background 0.25s ease-in-out, color 0.25s ease-in-out",
          }
        }
        type="button"
      >
        <svg
          style={
            Object {
              "fill": "#FFF",
              "height": "60px",
              "width": "60px",
            }
          }
          viewBox="0 0 60 60"
        >
          <path
            d="M39.192 17.98l2.829 2.828L32.828 30l9.193 9.192-2.829 2.829L30 32.828l-9.192 9.193-2.829-2.829L27.172 30l-9.193-9.192 2.829-2.829L30 27.172l9.192-9.193z"
            fillRule="evenodd"
          />
        </svg>
      </button>
    </div>
  </div>
  <div
    className="sc-fznWqX clGFVO"
    id="tabsContainer"
  >
    <div
      className="sc-fzpjYC hUVQHn"
    >
      <div
        className="sc-fznxsB gwcqhJ"
      >
        <a
          className="sc-fznJRM iifkLh"
          href="/project/projectId"
          id="settingsTab"
          onClick={[Function]}
        >
          Settings
        </a>
      </div>
      <div
        className="sc-fznxsB gwcqhJ"
      >
        <a
          className="sc-fznJRM iifkLh"
          href="/project/projectId/datasource"
          id="sourcesTab"
          onClick={[Function]}
        >
          Sources
        </a>
      </div>
      <div
        className="sc-fznxsB gwcqhJ"
      >
        <a
          className="sc-fznJRM iifkLh"
          href="/project/projectId/state"
          id="stateTab"
          onClick={[Function]}
        >
          States
        </a>
      </div>
      <div
        className="sc-fznxsB cRgWyS"
      >
        <a
          className="sc-fznJRM iifkLh"
          href="/project/projectId/content"
          id="contentTab"
          onClick={[Function]}
        >
          Content
        </a>
      </div>
      <div
        className="sc-fznxsB gwcqhJ"
      >
        <a
          className="sc-fznJRM iifkLh"
          href="/project/projectId/templates"
          id="templatesTab"
          onClick={[Function]}
        >
          Templates
        </a>
      </div>
      <div
        className="sc-fznxsB gwcqhJ"
      >
        <a
          className="sc-fznJRM iifkLh"
          href="/project/projectId/user"
          id="usersTab"
          onClick={[Function]}
        >
          Users
        </a>
      </div>
    </div>
  </div>
  <div
    className="sc-fzoiQi kzhWbE"
  >
    <div
      className="sc-fzqARJ fGrnyP"
    >
      <h2
        className="sc-fzqNqU cSnCDr"
        id="desktopHeaderTitle"
        style={
          Object {
            "fontFamily": "Inter, \\"Helvetica Neue\\", Helvetica, Arial, sans-serif",
            "fontSize": "24px",
            "fontWeight": 100,
            "margin": 0,
          }
        }
      >
        Section
      </h2>
      <h1
        className="sc-fzoyTs ieHSUN"
        id="desktopHeaderSubtitle"
        style={
          Object {
            "fontFamily": "Inter, \\"Helvetica Neue\\", Helvetica, Arial, sans-serif",
            "fontSize": "24px",
            "fontWeight": 600,
            "letterSpacing": "-0.12px",
            "lineHight": 1.25,
            "margin": 0,
          }
        }
      >
        Create
      </h1>
    </div>
    <div
      className="sc-fzoNJl kUMlmZ"
    />
  </div>
  <form
    className="sc-AxirZ ktnnZK"
    onSubmit={[Function]}
  >
    <div
      className="sc-fzoXWK fQayrT"
    >
      <div
        style={
          Object {
            "display": "flex",
            "flexDirection": "column",
            "maxWidth": "100%",
            "paddingBottom": "30px",
            "position": "relative",
          }
        }
      >
        <label
          htmlFor="name"
          style={
            Object {
              "border": "none",
              "borderTop": "2px solid #2F2F36",
              "color": "#71737e",
              "display": "block",
              "fontSize": "14px",
              "outline": "none",
              "paddingTop": "8px",
              "width": "100%",
            }
          }
        >
          Name
        </label>
        <input
          id="name"
          name="name"
          onBlur={[Function]}
          onChange={[Function]}
          style={
            Object {
              "backgroundColor": "transparent",
              "border": "none",
              "color": "#FFF",
              "fontFamily": "inherit",
              "fontSize": "18px",
              "fontWeight": "inherit",
              "letterSpacing": "normal",
              "lineHeight": "24px",
              "maxWidth": "100%",
              "minWidth": 60,
              "outline": "none",
              "padding": 0,
            }
          }
          type="text"
          value=""
        />
        <div
          style={
            Object {
              "position": "absolute",
              "right": 0,
              "top": 2,
            }
          }
        />
      </div>
    </div>
    <div
      className="sc-fzokOt taSPn"
    >
      <div
        className="sc-fzqNJr leQZax"
      >
        <div
          className="sc-fzqBZW bSVecd"
        >
          <button
            className="sc-fzoyAV zReVo"
            disabled={false}
            id="cancelBtn"
            onClick={[Function]}
            style={
              Object {
                "backgroundColor": "#1d1d20",
                "border": "none",
                "borderRadius": "48px",
                "color": "#FFF",
                "cursor": "pointer",
                "display": "inline-block",
                "fill": "#FFF",
                "fontSize": "18px",
                "margin": "0",
                "minHeight": "48px",
                "outline": "none",
                "padding": "0",
                "transition": "background 0.25s ease-in-out, color 0.25s ease-in-out",
              }
            }
            type="button"
          >
            Cancel
          </button>
          <button
            className="sc-fzoyAV zReVo"
            disabled={true}
            id="createSection"
            style={
              Object {
                "backgroundColor": "#1d1d20",
                "border": "none",
                "borderRadius": "48px",
                "color": "#71737e",
                "cursor": "default",
                "display": "inline-block",
                "fill": "#FFF",
                "fontSize": "18px",
                "margin": "0",
                "minHeight": "48px",
                "outline": "none",
                "padding": "0",
                "transition": "background 0.25s ease-in-out, color 0.25s ease-in-out",
              }
            }
            type="submit"
          >
            Create
          </button>
        </div>
      </div>
    </div>
  </form>
</div>
`;
