// Jest Snapshot v1, https://goo.gl/fbAQLP

exports[`CustomElement: Component should render correctly 1`] = `
<div
  className="sc-gKAblj fHQgnh"
>
  <div
    className="sc-fKgIGh fVSVOY"
  >
    <div
      className="sc-bCwgka gQWYQD"
      id="tagsCounter"
    />
    1 Element
    <div
      className="sc-bCwgka gQWYQD"
    >
      <div
        className="sc-iemXMA drkvag"
        id="addCustomElementBtnContainer"
      >
        <div
          className="sc-ezzayL jchpWR"
        >
          <button
            disabled={false}
            id="add-valuePath"
            onClick={[Function]}
            style={
              Object {
                "backgroundColor": "#FFF",
                "border": "none",
                "borderRadius": "48px",
                "color": "#000",
                "cursor": "pointer",
                "display": "inline-block",
                "fill": "#FFF",
                "fontSize": "18px",
                "height": 40,
                "margin": "0",
                "minHeight": 40,
                "outline": "none",
                "padding": "0",
                "transition": "background 0.25s ease-in-out, color 0.25s ease-in-out",
                "width": 40,
              }
            }
            type="button"
          >
            <svg
              style={
                Object {
                  "fill": "#000",
                  "height": 40,
                  "minHeight": 40,
                  "shapeRendering": "crispEdges",
                  "width": 40,
                }
              }
              viewBox="0 0 60 60"
            >
              <path
                d="M32 15v13h13v4H32v13h-4V32H15v-4h13V15h4z"
              />
            </svg>
          </button>
        </div>
      </div>
    </div>
  </div>
  <span>
    <div
      style={
        Object {
          "alignItems": "center",
          "display": "flex",
          "justifyContent": "space-between",
          "opacity": 1,
          "position": "relative",
          "transform": "translate3d(0, 0, 0)",
          "width": "100%",
          "zIndex": 1,
        }
      }
    >
      <div
        className="sc-jSFkmK hvPggO"
        id="custom-element-container-0"
      >
        <div>
          <div
            className="sc-dlMBXb fdsUsb"
          >
            <svg
              style={
                Object {
                  "fill": "#FFF",
                  "height": "60px",
                  "marginRight": 20,
                  "width": 10,
                }
              }
              viewBox="0 0 10 60"
            >
              <path
                d="M5 37a3 3 0 110 6 3 3 0 010-6zm0-10a3 3 0 110 6 3 3 0 010-6zm0-10a3 3 0 110 6 3 3 0 010-6z"
                fillRule="evenodd"
              />
            </svg>
          </div>
        </div>
        <div
          className="sc-fujyUd fwMxrU"
        >
          <div
            className="sc-pNWxx iMkuLX"
            onClick={[Function]}
          >
            <input
              id="valuePath.0"
              name="valuePath.0"
              type="hidden"
              value="plain_text"
            />
            <div
              style={
                Object {
                  "color": "#FFF",
                  "display": "flex",
                  "width": "100%",
                }
              }
            >
              <div
                id="valuePath.0"
                style={
                  Object {
                    "cursor": "pointer",
                    "display": "flex",
                    "position": "relative",
                    "width": "100%",
                  }
                }
              >
                <div
                  onClick={[Function]}
                  style={
                    Object {
                      "cursor": "pointer",
                      "display": "flex",
                      "width": "100%",
                    }
                  }
                >
                  <div
                    style={
                      Object {
                        "cursor": "pointer",
                        "overflow": "hidden",
                        "textOverflow": "ellipsis",
                        "whiteSpace": "nowrap",
                        "width": "100%",
                      }
                    }
                  >
                    Plain text
                  </div>
                </div>
                <div
                  style={
                    Object {
                      "WebkitOverflowScrolling": "touch",
                      "backgroundColor": "#1d1d20",
                      "display": "none",
                      "flexDirection": "column",
                      "left": "0",
                      "maxHeight": "184px",
                      "overflowY": "hidden",
                      "position": "absolute",
                      "top": "calc(100% + 5px)",
                      "width": "100%",
                      "zIndex": 99,
                    }
                  }
                >
                  <div
                    id="custom-element-markdown-0"
                    onClick={[Function]}
                    onMouseOut={[Function]}
                    onMouseOver={[Function]}
                    style={
                      Object {
                        "border": "1px solid  #2F2F36",
                        "borderTop": "1px solid  #2F2F36",
                        "color": "#71737e",
                        "cursor": "pointer",
                        "overflow": "hidden",
                        "padding": "20px 10px",
                        "textOverflow": "ellipsis",
                        "whiteSpace": "nowrap",
                      }
                    }
                  >
                    Markdown
                  </div>
                  <div
                    id="custom-element-plainText-1"
                    onClick={[Function]}
                    onMouseOut={[Function]}
                    onMouseOver={[Function]}
                    style={
                      Object {
                        "backgroundColor": "#FFF",
                        "border": "1px solid  #2F2F36",
                        "borderTop": "none",
                        "color": "#000",
                        "cursor": "pointer",
                        "overflow": "hidden",
                        "padding": "20px 10px",
                        "textOverflow": "ellipsis",
                        "whiteSpace": "nowrap",
                      }
                    }
                  >
                    Plain text
                  </div>
                  <div
                    id="custom-element-file-2"
                    onClick={[Function]}
                    onMouseOut={[Function]}
                    onMouseOver={[Function]}
                    style={
                      Object {
                        "border": "1px solid  #2F2F36",
                        "borderTop": "none",
                        "color": "#71737e",
                        "cursor": "pointer",
                        "overflow": "hidden",
                        "padding": "20px 10px",
                        "textOverflow": "ellipsis",
                        "whiteSpace": "nowrap",
                      }
                    }
                  >
                    File
                  </div>
                  <div
                    id="custom-element-image-3"
                    onClick={[Function]}
                    onMouseOut={[Function]}
                    onMouseOver={[Function]}
                    style={
                      Object {
                        "border": "1px solid  #2F2F36",
                        "borderTop": "none",
                        "color": "#71737e",
                        "cursor": "pointer",
                        "overflow": "hidden",
                        "padding": "20px 10px",
                        "textOverflow": "ellipsis",
                        "whiteSpace": "nowrap",
                      }
                    }
                  >
                    Image
                  </div>
                  <div
                    id="custom-element-code-4"
                    onClick={[Function]}
                    onMouseOut={[Function]}
                    onMouseOver={[Function]}
                    style={
                      Object {
                        "border": "1px solid  #2F2F36",
                        "borderTop": "none",
                        "color": "#71737e",
                        "cursor": "pointer",
                        "overflow": "hidden",
                        "padding": "20px 10px",
                        "textOverflow": "ellipsis",
                        "whiteSpace": "nowrap",
                      }
                    }
                  >
                    Code
                  </div>
                  <div
                    id="custom-element-connection-5"
                    onClick={[Function]}
                    onMouseOut={[Function]}
                    onMouseOver={[Function]}
                    style={
                      Object {
                        "border": "1px solid  #2F2F36",
                        "borderTop": "none",
                        "color": "#71737e",
                        "cursor": "pointer",
                        "overflow": "hidden",
                        "padding": "20px 10px",
                        "textOverflow": "ellipsis",
                        "whiteSpace": "nowrap",
                      }
                    }
                  >
                    Connection
                  </div>
                  <div
                    id="custom-element-internalConnection-6"
                    onClick={[Function]}
                    onMouseOut={[Function]}
                    onMouseOver={[Function]}
                    style={
                      Object {
                        "border": "1px solid  #2F2F36",
                        "borderTop": "none",
                        "color": "#71737e",
                        "cursor": "pointer",
                        "overflow": "hidden",
                        "padding": "20px 10px",
                        "textOverflow": "ellipsis",
                        "whiteSpace": "nowrap",
                      }
                    }
                  >
                    Internal Connection
                  </div>
                  <div
                    id="custom-element-observableHq-7"
                    onClick={[Function]}
                    onMouseOut={[Function]}
                    onMouseOver={[Function]}
                    style={
                      Object {
                        "border": "1px solid  #2F2F36",
                        "borderTop": "none",
                        "color": "#71737e",
                        "cursor": "pointer",
                        "overflow": "hidden",
                        "padding": "20px 10px",
                        "textOverflow": "ellipsis",
                        "whiteSpace": "nowrap",
                      }
                    }
                  >
                    ObservableHQ
                  </div>
                  <div
                    id="custom-element-embedVideo-8"
                    onClick={[Function]}
                    onMouseOut={[Function]}
                    onMouseOver={[Function]}
                    style={
                      Object {
                        "border": "1px solid  #2F2F36",
                        "borderTop": "none",
                        "color": "#71737e",
                        "cursor": "pointer",
                        "overflow": "hidden",
                        "padding": "20px 10px",
                        "textOverflow": "ellipsis",
                        "whiteSpace": "nowrap",
                      }
                    }
                  >
                    Embed Video
                  </div>
                  <div
                    id="custom-element-state-9"
                    onClick={[Function]}
                    onMouseOut={[Function]}
                    onMouseOver={[Function]}
                    style={
                      Object {
                        "border": "1px solid  #2F2F36",
                        "borderTop": "none",
                        "color": "#71737e",
                        "cursor": "pointer",
                        "overflow": "hidden",
                        "padding": "20px 10px",
                        "textOverflow": "ellipsis",
                        "whiteSpace": "nowrap",
                      }
                    }
                  >
                    State
                  </div>
                </div>
              </div>
            </div>
            <div
              className="sc-jrsJCI jlluVk"
            >
              <svg
                style={
                  Object {
                    "fill": "#FFF",
                    "height": "30px",
                    "width": "30px",
                  }
                }
                viewBox="0 0 30 30"
              >
                <path
                  d="M15.117 18L9 12h12z"
                  fillRule="evenodd"
                />
              </svg>
            </div>
          </div>
          <div
            className="sc-kLokih bfeYDD"
          >
            <div
              style={
                Object {
                  "display": "flex",
                  "flexDirection": "column",
                  "maxWidth": "100%",
                  "paddingBottom": 0,
                  "position": "relative",
                }
              }
            >
              <input
                id="valuePath.0.name"
                name="valuePath.0.name"
                onChange={[Function]}
                placeholder="Name"
                style={
                  Object {
                    "backgroundColor": "transparent",
                    "border": "none",
                    "color": "#FFF",
                    "fontFamily": "inherit",
                    "fontSize": "18px",
                    "fontWeight": "inherit",
                    "letterSpacing": "normal",
                    "lineHeight": "24px",
                    "maxWidth": "100%",
                    "minWidth": 60,
                    "outline": "none",
                    "padding": 0,
                    "width": 80,
                  }
                }
                type="text"
              />
              <div
                style={
                  Object {
                    "backgroundColor": "transparent",
                    "border": "none",
                    "color": "#FFF",
                    "fontFamily": "inherit",
                    "fontSize": "18px",
                    "fontWeight": "inherit",
                    "letterSpacing": "normal",
                    "lineHeight": "24px",
                    "maxWidth": "100%",
                    "minWidth": 60,
                    "opacity": 0,
                    "outline": "none",
                    "padding": 0,
                    "position": "fixed",
                    "visibility": "hidden",
                    "whiteSpace": "pre",
                  }
                }
              />
              <div
                style={
                  Object {
                    "position": "absolute",
                    "right": 0,
                    "top": 2,
                  }
                }
              />
            </div>
            <div
              className="sc-jJMGHv dZRdTb"
              id="valuePath.0.nameError"
            />
          </div>
        </div>
        <div
          className="sc-eCApGN ggJtCX"
          id="remove-valuePath.0"
          onClick={[Function]}
        >
          <svg
            style={
              Object {
                "fill": "#FFF",
                "height": 30,
                "shapeRendering": "crispEdges",
                "width": 30,
              }
            }
            viewBox="0 0 60 60"
          >
            <path
              d="M15 28h30v4H15z"
            />
          </svg>
        </div>
      </div>
    </div>
  </span>
</div>
`;
